ARM Linker, 4.1 [Build 481] [Standard]

==============================================================================

Section Cross References

    stm32f10x.o(RESET) refers to stm32f10x.o(STACK) for __initial_sp
    stm32f10x.o(RESET) refers to stm32f10x.o(.text) for Reset_Handler
    stm32f10x.o(RESET) refers to stm32f10x_it.o(.text) for NMI_Handler
    stm32f10x.o(.text) refers to entry.o(.ARM.Collect$$$$00000000) for __main
    gpio.o(.text) refers to stm32f10x_rcc.o(.text) for RCC_APB2PeriphClockCmd
    gpio.o(.text) refers to stm32f10x_gpio.o(.text) for GPIO_Init
    gpio.o(.text) refers to gpio.o(.data) for GPIO_InitStructure
    main.o(.text) refers to system_stm32f10x.o(.text) for SystemInit
    main.o(.text) refers to gpio.o(.text) for GPIO_Initialization
    main.o(.text) refers to nvic.o(.text) for NVIC_initialization
    main.o(.text) refers to uart.o(.text) for UART1_Initialization
    main.o(.text) refers to stm32f10x_gpio.o(.text) for GPIO_ResetBits
    main.o(.text) refers to ultrasonic.o(.text) for UltrasonicHandle
    main.o(.text) refers to timer.o(.text) for Delay
    main.o(.text) refers to stm32f10x_usart.o(.text) for USART_SendData
    main.o(.text) refers to ram.o(.data) for g_ReceiveState1
    main.o(.text) refers to ram.o(.bss) for g_aRxBuffer1
    nvic.o(.text) refers to misc.o(.text) for SysTick_CLKSourceConfig
    nvic.o(.text) refers to system_stm32f10x.o(.data) for SystemCoreClock
    nvic.o(.text) refers to nvic.o(.data) for NVIC_InitStructure
    timer.o(.text) refers to ram.o(.data) for g_TimingDelay
    uart.o(.text) refers to stm32f10x_rcc.o(.text) for RCC_APB2PeriphClockCmd
    uart.o(.text) refers to stm32f10x_usart.o(.text) for USART_StructInit
    uart.o(.text) refers to printfa.o(i.__0vsprintf) for __c89vsprintf
    uart.o(.text) refers to uart.o(.bss) for USART_InitStructure
    ultrasonic.o(.text) refers to uart.o(.text) for UART2_SendData
    ultrasonic.o(.text) refers to timer.o(.text) for Delay
    stm32f10x_gpio.o(.text) refers to stm32f10x_rcc.o(.text) for RCC_APB2PeriphResetCmd
    stm32f10x_i2c.o(.text) refers to stm32f10x_rcc.o(.text) for RCC_APB1PeriphResetCmd
    stm32f10x_rcc.o(.text) refers to stm32f10x_rcc.o(.data) for APBAHBPrescTable
    system_stm32f10x.o(.text) refers to system_stm32f10x.o(.data) for SystemCoreClock
    stm32f10x_usart.o(.text) refers to stm32f10x_rcc.o(.text) for RCC_APB2PeriphResetCmd
    stm32f10x_it.o(.text) refers to stm32f10x_usart.o(.text) for USART_GetITStatus
    stm32f10x_it.o(.text) refers to ram.o(.data) for g_TimingDelay
    stm32f10x_it.o(.text) refers to ram.o(.bss) for g_aRxBuffer1
    entry.o(.ARM.Collect$$$$00000000) refers (Special) to entry7.o(.ARM.Collect$$$$00000007) for _main_init
    entry.o(.ARM.Collect$$$$00000000) refers (Special) to entry5.o(.ARM.Collect$$$$00000004) for _main_scatterload
    entry.o(.ARM.Collect$$$$00000000) refers (Special) to entry2.o(.ARM.Collect$$$$00000001) for _main_stk
    printfa.o(i.__0fprintf) refers (Special) to iusefp.o(.text) for __I$use$fp
    printfa.o(i.__0fprintf) refers to printfa.o(i._printf_core) for _printf_core
    printfa.o(i.__0fprintf) refers to fputc.o(i.fputc) for fputc
    printfa.o(i.__0printf) refers (Special) to iusefp.o(.text) for __I$use$fp
    printfa.o(i.__0printf) refers to printfa.o(i._printf_core) for _printf_core
    printfa.o(i.__0printf) refers to fputc.o(i.fputc) for fputc
    printfa.o(i.__0printf) refers to stdout.o(.data) for __stdout
    printfa.o(i.__0snprintf) refers (Special) to iusefp.o(.text) for __I$use$fp
    printfa.o(i.__0snprintf) refers to printfa.o(i._printf_core) for _printf_core
    printfa.o(i.__0snprintf) refers to printfa.o(i._snputc) for _snputc
    printfa.o(i.__0sprintf) refers (Special) to iusefp.o(.text) for __I$use$fp
    printfa.o(i.__0sprintf) refers to printfa.o(i._printf_core) for _printf_core
    printfa.o(i.__0sprintf) refers to printfa.o(i._sputc) for _sputc
    printfa.o(i.__0vfprintf) refers (Special) to iusefp.o(.text) for __I$use$fp
    printfa.o(i.__0vfprintf) refers to printfa.o(i._printf_core) for _printf_core
    printfa.o(i.__0vfprintf) refers to fputc.o(i.fputc) for fputc
    printfa.o(i.__0vprintf) refers (Special) to iusefp.o(.text) for __I$use$fp
    printfa.o(i.__0vprintf) refers to printfa.o(i._printf_core) for _printf_core
    printfa.o(i.__0vprintf) refers to fputc.o(i.fputc) for fputc
    printfa.o(i.__0vprintf) refers to stdout.o(.data) for __stdout
    printfa.o(i.__0vsnprintf) refers (Special) to iusefp.o(.text) for __I$use$fp
    printfa.o(i.__0vsnprintf) refers to printfa.o(i._printf_core) for _printf_core
    printfa.o(i.__0vsnprintf) refers to printfa.o(i._snputc) for _snputc
    printfa.o(i.__0vsprintf) refers (Special) to iusefp.o(.text) for __I$use$fp
    printfa.o(i.__0vsprintf) refers to printfa.o(i._printf_core) for _printf_core
    printfa.o(i.__0vsprintf) refers to printfa.o(i._sputc) for _sputc
    printfa.o(i._fp_digits) refers (Special) to iusefp.o(.text) for __I$use$fp
    printfa.o(i._fp_digits) refers to dmul.o(.text) for __aeabi_dmul
    printfa.o(i._fp_digits) refers to ddiv.o(.text) for __aeabi_ddiv
    printfa.o(i._fp_digits) refers to cdrcmple.o(.text) for __aeabi_cdrcmple
    printfa.o(i._fp_digits) refers to dadd.o(.text) for __aeabi_dadd
    printfa.o(i._fp_digits) refers to dfixul.o(.text) for __aeabi_d2ulz
    printfa.o(i._fp_digits) refers to uldiv.o(.text) for __aeabi_uldivmod
    printfa.o(i._printf_core) refers (Special) to iusefp.o(.text) for __I$use$fp
    printfa.o(i._printf_core) refers to printfa.o(i._printf_pre_padding) for _printf_pre_padding
    printfa.o(i._printf_core) refers to uldiv.o(.text) for __aeabi_uldivmod
    printfa.o(i._printf_core) refers to printfa.o(i._printf_post_padding) for _printf_post_padding
    printfa.o(i._printf_core) refers to printfa.o(i._fp_digits) for _fp_digits
    printfa.o(i._printf_core) refers to uidiv.o(.text) for __aeabi_uidivmod
    printfa.o(i._printf_post_padding) refers (Special) to iusefp.o(.text) for __I$use$fp
    printfa.o(i._printf_pre_padding) refers (Special) to iusefp.o(.text) for __I$use$fp
    printfa.o(i._snputc) refers (Special) to iusefp.o(.text) for __I$use$fp
    printfa.o(i._sputc) refers (Special) to iusefp.o(.text) for __I$use$fp
    entry2.o(.ARM.Collect$$$$00000001) refers to entry2.o(.ARM.Collect$$$$00002712) for __lit__00000000
    entry2.o(.ARM.Collect$$$$00002712) refers to stm32f10x.o(STACK) for __initial_sp
    entry2.o(__vectab_stack_and_reset_area) refers to stm32f10x.o(STACK) for __initial_sp
    entry2.o(__vectab_stack_and_reset_area) refers to entry.o(.ARM.Collect$$$$00000000) for __main
    entry5.o(.ARM.Collect$$$$00000004) refers to init.o(.text) for __scatterload
    entry7.o(.ARM.Collect$$$$00000007) refers to main.o(.text) for main
    fputc.o(i.fputc) refers (Special) to iusesemip.o(.text) for __I$use$semihosting$fputc
    uldiv.o(.text) refers to llushr.o(.text) for __aeabi_llsr
    uldiv.o(.text) refers to llshl.o(.text) for __aeabi_llsl
    dadd.o(.text) refers to llshl.o(.text) for __aeabi_llsl
    dadd.o(.text) refers to llsshr.o(.text) for __aeabi_lasr
    dadd.o(.text) refers to depilogue.o(.text) for _double_epilogue
    dmul.o(.text) refers to depilogue.o(.text) for _double_epilogue
    ddiv.o(.text) refers to depilogue.o(.text) for _double_round
    dfixul.o(.text) refers to llushr.o(.text) for __aeabi_llsr
    dfixul.o(.text) refers to llshl.o(.text) for __aeabi_llsl
    init.o(.text) refers to entry5.o(.ARM.Collect$$$$00000004) for __main_after_scatterload
    depilogue.o(.text) refers to llshl.o(.text) for __aeabi_llsl
    depilogue.o(.text) refers to llushr.o(.text) for __aeabi_llsr


==============================================================================

Removing Unused input sections from the image.

    Removing stm32f10x.o(HEAP), (0 bytes).
    Removing main.o(.data), (1 bytes).
    Removing stm32f10x_i2c.o(.text), (1008 bytes).
    Removing stm32f10x_flash.o(.text), (1480 bytes).

4 unused section(s) (total 2489 bytes) removed from the image.

==============================================================================

Image Symbol Table

    Local Symbols

    Symbol Name                              Value     Ov Type        Size  Object(Section)

    ../../microlib/division.c                0x00000000   Number         0  uldiv.o ABSOLUTE
    ../../microlib/division.c                0x00000000   Number         0  uidiv.o ABSOLUTE
    ../../microlib/fpadd.c                   0x00000000   Number         0  dadd.o ABSOLUTE
    ../../microlib/fpdiv.c                   0x00000000   Number         0  ddiv.o ABSOLUTE
    ../../microlib/fpepilogue.c              0x00000000   Number         0  depilogue.o ABSOLUTE
    ../../microlib/fpfix.c                   0x00000000   Number         0  dfixul.o ABSOLUTE
    ../../microlib/fpmul.c                   0x00000000   Number         0  dmul.o ABSOLUTE
    ../../microlib/init/entry.s              0x00000000   Number         0  entry7.o ABSOLUTE
    ../../microlib/init/entry.s              0x00000000   Number         0  entry2.o ABSOLUTE
    ../../microlib/init/entry.s              0x00000000   Number         0  entry5.o ABSOLUTE
    ../../microlib/init/entry.s              0x00000000   Number         0  entry.o ABSOLUTE
    ../../microlib/longlong.c                0x00000000   Number         0  llsshr.o ABSOLUTE
    ../../microlib/longlong.c                0x00000000   Number         0  llushr.o ABSOLUTE
    ../../microlib/longlong.c                0x00000000   Number         0  llshl.o ABSOLUTE
    ../../microlib/printf/printf.c           0x00000000   Number         0  printfa.o ABSOLUTE
    ../../microlib/stdio/fputc.c             0x00000000   Number         0  fputc.o ABSOLUTE
    ../../microlib/stdio/streams.c           0x00000000   Number         0  stdout.o ABSOLUTE
    ../../microlib/stubs.s                   0x00000000   Number         0  iusesemip.o ABSOLUTE
    ../../microlib/stubs.s                   0x00000000   Number         0  iusefp.o ABSOLUTE
    ..\src\GPIO.c                            0x00000000   Number         0  gpio.o ABSOLUTE
    ..\src\NVIC.c                            0x00000000   Number         0  nvic.o ABSOLUTE
    ..\src\UART.c                            0x00000000   Number         0  uart.o ABSOLUTE
    ..\src\main.c                            0x00000000   Number         0  main.o ABSOLUTE
    ..\src\misc.c                            0x00000000   Number         0  misc.o ABSOLUTE
    ..\src\ram.c                             0x00000000   Number         0  ram.o ABSOLUTE
    ..\src\stm32f10x_flash.c                 0x00000000   Number         0  stm32f10x_flash.o ABSOLUTE
    ..\src\stm32f10x_gpio.c                  0x00000000   Number         0  stm32f10x_gpio.o ABSOLUTE
    ..\src\stm32f10x_i2c.c                   0x00000000   Number         0  stm32f10x_i2c.o ABSOLUTE
    ..\src\stm32f10x_it.c                    0x00000000   Number         0  stm32f10x_it.o ABSOLUTE
    ..\src\stm32f10x_rcc.c                   0x00000000   Number         0  stm32f10x_rcc.o ABSOLUTE
    ..\src\stm32f10x_usart.c                 0x00000000   Number         0  stm32f10x_usart.o ABSOLUTE
    ..\src\system_stm32f10x.c                0x00000000   Number         0  system_stm32f10x.o ABSOLUTE
    ..\src\timer.c                           0x00000000   Number         0  timer.o ABSOLUTE
    ..\src\ultrasonic.c                      0x00000000   Number         0  ultrasonic.o ABSOLUTE
    STM32F10x.s                              0x00000000   Number         0  stm32f10x.o ABSOLUTE
    cdrcmple.s                               0x00000000   Number         0  cdrcmple.o ABSOLUTE
    dc.s                                     0x00000000   Number         0  dc.o ABSOLUTE
    handlers.s                               0x00000000   Number         0  handlers.o ABSOLUTE
    init.s                                   0x00000000   Number         0  init.o ABSOLUTE
    RESET                                    0x08000000   Section      236  stm32f10x.o(RESET)
    .ARM.Collect$$$$00000000                 0x080000ec   Section        0  entry.o(.ARM.Collect$$$$00000000)
    .ARM.Collect$$$$00000001                 0x080000ec   Section        4  entry2.o(.ARM.Collect$$$$00000001)
    .ARM.Collect$$$$00000004                 0x080000f0   Section        4  entry5.o(.ARM.Collect$$$$00000004)
    .ARM.Collect$$$$00000007                 0x080000f4   Section        8  entry7.o(.ARM.Collect$$$$00000007)
    .ARM.Collect$$$$00002712                 0x080000fc   Section        4  entry2.o(.ARM.Collect$$$$00002712)
    __lit__00000000                          0x080000fc   Data           4  entry2.o(.ARM.Collect$$$$00002712)
    .text                                    0x08000100   Section       28  stm32f10x.o(.text)
    .text                                    0x0800011c   Section        0  gpio.o(.text)
    .text                                    0x08000180   Section        0  main.o(.text)
    .text                                    0x0800033c   Section        0  nvic.o(.text)
    .text                                    0x080003e8   Section        0  timer.o(.text)
    .text                                    0x08000430   Section        0  uart.o(.text)
    .text                                    0x08000654   Section        0  ultrasonic.o(.text)
    .text                                    0x0800067c   Section        0  stm32f10x_gpio.o(.text)
    .text                                    0x080009d4   Section        0  stm32f10x_rcc.o(.text)
    .text                                    0x08000d78   Section        0  system_stm32f10x.o(.text)
    SetSysClockTo72                          0x08000d79   Thumb Code   192  system_stm32f10x.o(.text)
    SetSysClock                              0x08000e39   Thumb Code     8  system_stm32f10x.o(.text)
    .text                                    0x08000f40   Section        0  stm32f10x_usart.o(.text)
    .text                                    0x0800134c   Section        0  stm32f10x_it.o(.text)
    .text                                    0x08001490   Section        0  misc.o(.text)
    .text                                    0x08001588   Section        0  uidiv.o(.text)
    .text                                    0x080015b4   Section        0  uldiv.o(.text)
    .text                                    0x0800161a   Section        0  iusefp.o(.text)
    .text                                    0x0800161a   Section        0  dadd.o(.text)
    .text                                    0x08001764   Section        0  dmul.o(.text)
    .text                                    0x08001846   Section        0  ddiv.o(.text)
    .text                                    0x08001924   Section        0  dfixul.o(.text)
    .text                                    0x08001954   Section       40  cdrcmple.o(.text)
    .text                                    0x0800197c   Section       36  init.o(.text)
    .text                                    0x080019a0   Section        0  llshl.o(.text)
    .text                                    0x080019be   Section        0  llushr.o(.text)
    .text                                    0x080019de   Section        0  llsshr.o(.text)
    .text                                    0x08001a02   Section        0  depilogue.o(.text)
    i.__0vsprintf                            0x08001ac4   Section        0  printfa.o(i.__0vsprintf)
    i.__scatterload_copy                     0x08001ae4   Section       14  handlers.o(i.__scatterload_copy)
    i.__scatterload_null                     0x08001af2   Section        2  handlers.o(i.__scatterload_null)
    i.__scatterload_zeroinit                 0x08001af4   Section       14  handlers.o(i.__scatterload_zeroinit)
    i._fp_digits                             0x08001b04   Section        0  printfa.o(i._fp_digits)
    _fp_digits                               0x08001b05   Thumb Code   318  printfa.o(i._fp_digits)
    i._printf_core                           0x08001c58   Section        0  printfa.o(i._printf_core)
    _printf_core                             0x08001c59   Thumb Code  1734  printfa.o(i._printf_core)
    i._printf_post_padding                   0x0800232c   Section        0  printfa.o(i._printf_post_padding)
    _printf_post_padding                     0x0800232d   Thumb Code    38  printfa.o(i._printf_post_padding)
    i._printf_pre_padding                    0x08002352   Section        0  printfa.o(i._printf_pre_padding)
    _printf_pre_padding                      0x08002353   Thumb Code    46  printfa.o(i._printf_pre_padding)
    i._sputc                                 0x08002380   Section        0  printfa.o(i._sputc)
    _sputc                                   0x08002381   Thumb Code    10  printfa.o(i._sputc)
    .data                                    0x20000000   Section        4  gpio.o(.data)
    .data                                    0x20000004   Section        4  nvic.o(.data)
    .data                                    0x20000008   Section        9  ram.o(.data)
    .data                                    0x20000011   Section       20  stm32f10x_rcc.o(.data)
    APBAHBPrescTable                         0x20000011   Data          16  stm32f10x_rcc.o(.data)
    ADCPrescTable                            0x20000021   Data           4  stm32f10x_rcc.o(.data)
    .data                                    0x20000028   Section       20  system_stm32f10x.o(.data)
    .bss                                     0x2000003c   Section      200  ram.o(.bss)
    .bss                                     0x20000104   Section      272  uart.o(.bss)
    STACK                                    0x20000218   Section      512  stm32f10x.o(STACK)

    Global Symbols

    Symbol Name                              Value     Ov Type        Size  Object(Section)

    BuildAttributes$$THM_ISAv4$P$D$K$B$S$PE$A:L22UL41UL21$X:L11$S22US41US21$IEEE1$IW$USESV6$~STKCKD$USESV7$~SHL$OSPACE$ROPI$EBA8$MICROLIB$REQ8$PRES8$EABIv2 0x00000000   Number         0  anon$$obj.o ABSOLUTE
    __ARM_use_no_argv                        0x00000000   Number         0  main.o ABSOLUTE
    __decompress                              - Undefined Weak Reference
    __Vectors                                0x08000000   Data           4  stm32f10x.o(RESET)
    __main                                   0x080000ed   Thumb Code     0  entry.o(.ARM.Collect$$$$00000000)
    _main_stk                                0x080000ed   Thumb Code     0  entry2.o(.ARM.Collect$$$$00000001)
    _main_scatterload                        0x080000f1   Thumb Code     0  entry5.o(.ARM.Collect$$$$00000004)
    __main_after_scatterload                 0x080000f5   Thumb Code     0  entry5.o(.ARM.Collect$$$$00000004)
    _main_init                               0x080000f5   Thumb Code     0  entry7.o(.ARM.Collect$$$$00000007)
    Reset_Handler                            0x08000101   Thumb Code     4  stm32f10x.o(.text)
    ADC_IRQHandler                           0x08000117   Thumb Code     0  stm32f10x.o(.text)
    CAN_RX1_IRQHandler                       0x08000117   Thumb Code     0  stm32f10x.o(.text)
    CAN_SCE_IRQHandler                       0x08000117   Thumb Code     0  stm32f10x.o(.text)
    DMAChannel1_IRQHandler                   0x08000117   Thumb Code     0  stm32f10x.o(.text)
    DMAChannel2_IRQHandler                   0x08000117   Thumb Code     0  stm32f10x.o(.text)
    DMAChannel3_IRQHandler                   0x08000117   Thumb Code     0  stm32f10x.o(.text)
    DMAChannel4_IRQHandler                   0x08000117   Thumb Code     0  stm32f10x.o(.text)
    DMAChannel5_IRQHandler                   0x08000117   Thumb Code     0  stm32f10x.o(.text)
    DMAChannel6_IRQHandler                   0x08000117   Thumb Code     0  stm32f10x.o(.text)
    DMAChannel7_IRQHandler                   0x08000117   Thumb Code     0  stm32f10x.o(.text)
    EXTI0_IRQHandler                         0x08000117   Thumb Code     0  stm32f10x.o(.text)
    EXTI15_10_IRQHandler                     0x08000117   Thumb Code     0  stm32f10x.o(.text)
    EXTI1_IRQHandler                         0x08000117   Thumb Code     0  stm32f10x.o(.text)
    EXTI2_IRQHandler                         0x08000117   Thumb Code     0  stm32f10x.o(.text)
    EXTI3_IRQHandler                         0x08000117   Thumb Code     0  stm32f10x.o(.text)
    EXTI4_IRQHandler                         0x08000117   Thumb Code     0  stm32f10x.o(.text)
    EXTI9_5_IRQHandler                       0x08000117   Thumb Code     0  stm32f10x.o(.text)
    FLASH_IRQHandler                         0x08000117   Thumb Code     0  stm32f10x.o(.text)
    I2C1_ER_IRQHandler                       0x08000117   Thumb Code     0  stm32f10x.o(.text)
    I2C1_EV_IRQHandler                       0x08000117   Thumb Code     0  stm32f10x.o(.text)
    I2C2_ER_IRQHandler                       0x08000117   Thumb Code     0  stm32f10x.o(.text)
    I2C2_EV_IRQHandler                       0x08000117   Thumb Code     0  stm32f10x.o(.text)
    PVD_IRQHandler                           0x08000117   Thumb Code     0  stm32f10x.o(.text)
    RCC_IRQHandler                           0x08000117   Thumb Code     0  stm32f10x.o(.text)
    RTCAlarm_IRQHandler                      0x08000117   Thumb Code     0  stm32f10x.o(.text)
    RTC_IRQHandler                           0x08000117   Thumb Code     0  stm32f10x.o(.text)
    SPI1_IRQHandler                          0x08000117   Thumb Code     0  stm32f10x.o(.text)
    SPI2_IRQHandler                          0x08000117   Thumb Code     0  stm32f10x.o(.text)
    TAMPER_IRQHandler                        0x08000117   Thumb Code     0  stm32f10x.o(.text)
    TIM1_BRK_IRQHandler                      0x08000117   Thumb Code     0  stm32f10x.o(.text)
    TIM1_CC_IRQHandler                       0x08000117   Thumb Code     0  stm32f10x.o(.text)
    TIM1_TRG_COM_IRQHandler                  0x08000117   Thumb Code     0  stm32f10x.o(.text)
    TIM1_UP_IRQHandler                       0x08000117   Thumb Code     0  stm32f10x.o(.text)
    TIM2_IRQHandler                          0x08000117   Thumb Code     0  stm32f10x.o(.text)
    TIM3_IRQHandler                          0x08000117   Thumb Code     0  stm32f10x.o(.text)
    TIM4_IRQHandler                          0x08000117   Thumb Code     0  stm32f10x.o(.text)
    USART3_IRQHandler                        0x08000117   Thumb Code     0  stm32f10x.o(.text)
    USBWakeUp_IRQHandler                     0x08000117   Thumb Code     0  stm32f10x.o(.text)
    USB_HP_CAN_TX_IRQHandler                 0x08000117   Thumb Code     0  stm32f10x.o(.text)
    USB_LP_CAN_RX0_IRQHandler                0x08000117   Thumb Code     0  stm32f10x.o(.text)
    WWDG_IRQHandler                          0x08000117   Thumb Code     0  stm32f10x.o(.text)
    GPIO_Initialization                      0x0800011d   Thumb Code    88  gpio.o(.text)
    main                                     0x08000181   Thumb Code   268  main.o(.text)
    SysTick_Configuration                    0x0800033d   Thumb Code    96  nvic.o(.text)
    NVIC_initialization                      0x0800039d   Thumb Code    58  nvic.o(.text)
    TimingDelay_Decrement                    0x080003e9   Thumb Code    18  timer.o(.text)
    Delay                                    0x080003fb   Thumb Code    16  timer.o(.text)
    Delayms                                  0x0800040b   Thumb Code    34  timer.o(.text)
    UART1_Initialization                     0x08000431   Thumb Code    80  uart.o(.text)
    UART2_Initialization                     0x08000481   Thumb Code    80  uart.o(.text)
    UART_SendData                            0x080004d1   Thumb Code    16  uart.o(.text)
    UART1_SendData                           0x080004e1   Thumb Code    14  uart.o(.text)
    UART2_SendData                           0x080004ef   Thumb Code    14  uart.o(.text)
    UART3_SendData                           0x080004fd   Thumb Code    14  uart.o(.text)
    UART_SendStr                             0x0800050b   Thumb Code    34  uart.o(.text)
    UART1_SendStr                            0x0800052d   Thumb Code    40  uart.o(.text)
    UART2_SendStr                            0x08000555   Thumb Code    40  uart.o(.text)
    UART3_SendStr                            0x0800057d   Thumb Code    44  uart.o(.text)
    UART1_ReceiveData                        0x080005a9   Thumb Code    14  uart.o(.text)
    UART2_ReceiveData                        0x080005b7   Thumb Code    14  uart.o(.text)
    UART3_ReceiveData                        0x080005c5   Thumb Code    14  uart.o(.text)
    putsUART1                                0x080005d3   Thumb Code    40  uart.o(.text)
    putsUART2                                0x080005fb   Thumb Code    40  uart.o(.text)
    Uart_Printf                              0x08000623   Thumb Code    30  uart.o(.text)
    UltrasonicHandle                         0x08000655   Thumb Code    40  ultrasonic.o(.text)
    GPIO_DeInit                              0x0800067d   Thumb Code   172  stm32f10x_gpio.o(.text)
    GPIO_AFIODeInit                          0x08000729   Thumb Code    20  stm32f10x_gpio.o(.text)
    GPIO_Init                                0x0800073d   Thumb Code   274  stm32f10x_gpio.o(.text)
    GPIO_StructInit                          0x0800084f   Thumb Code    16  stm32f10x_gpio.o(.text)
    GPIO_ReadInputDataBit                    0x0800085f   Thumb Code    18  stm32f10x_gpio.o(.text)
    GPIO_ReadInputData                       0x08000871   Thumb Code     8  stm32f10x_gpio.o(.text)
    GPIO_ReadOutputDataBit                   0x08000879   Thumb Code    18  stm32f10x_gpio.o(.text)
    GPIO_ReadOutputData                      0x0800088b   Thumb Code     8  stm32f10x_gpio.o(.text)
    GPIO_SetBits                             0x08000893   Thumb Code     4  stm32f10x_gpio.o(.text)
    GPIO_ResetBits                           0x08000897   Thumb Code     4  stm32f10x_gpio.o(.text)
    GPIO_WriteBit                            0x0800089b   Thumb Code    10  stm32f10x_gpio.o(.text)
    GPIO_Write                               0x080008a5   Thumb Code     4  stm32f10x_gpio.o(.text)
    GPIO_PinLockConfig                       0x080008a9   Thumb Code    18  stm32f10x_gpio.o(.text)
    GPIO_EventOutputConfig                   0x080008bb   Thumb Code    26  stm32f10x_gpio.o(.text)
    GPIO_EventOutputCmd                      0x080008d5   Thumb Code     6  stm32f10x_gpio.o(.text)
    GPIO_PinRemapConfig                      0x080008db   Thumb Code   138  stm32f10x_gpio.o(.text)
    GPIO_EXTILineConfig                      0x08000965   Thumb Code    66  stm32f10x_gpio.o(.text)
    GPIO_ETH_MediaInterfaceConfig            0x080009a7   Thumb Code     6  stm32f10x_gpio.o(.text)
    RCC_DeInit                               0x080009d5   Thumb Code    64  stm32f10x_rcc.o(.text)
    RCC_HSEConfig                            0x08000a15   Thumb Code    70  stm32f10x_rcc.o(.text)
    RCC_GetFlagStatus                        0x08000a5b   Thumb Code    56  stm32f10x_rcc.o(.text)
    RCC_WaitForHSEStartUp                    0x08000a93   Thumb Code    48  stm32f10x_rcc.o(.text)
    RCC_AdjustHSICalibrationValue            0x08000ac3   Thumb Code    20  stm32f10x_rcc.o(.text)
    RCC_HSICmd                               0x08000ad7   Thumb Code     6  stm32f10x_rcc.o(.text)
    RCC_PLLConfig                            0x08000add   Thumb Code    24  stm32f10x_rcc.o(.text)
    RCC_PLLCmd                               0x08000af5   Thumb Code     6  stm32f10x_rcc.o(.text)
    RCC_SYSCLKConfig                         0x08000afb   Thumb Code    18  stm32f10x_rcc.o(.text)
    RCC_GetSYSCLKSource                      0x08000b0d   Thumb Code    10  stm32f10x_rcc.o(.text)
    RCC_HCLKConfig                           0x08000b17   Thumb Code    18  stm32f10x_rcc.o(.text)
    RCC_PCLK1Config                          0x08000b29   Thumb Code    18  stm32f10x_rcc.o(.text)
    RCC_PCLK2Config                          0x08000b3b   Thumb Code    20  stm32f10x_rcc.o(.text)
    RCC_ITConfig                             0x08000b4f   Thumb Code    30  stm32f10x_rcc.o(.text)
    RCC_USBCLKConfig                         0x08000b6d   Thumb Code     6  stm32f10x_rcc.o(.text)
    RCC_ADCCLKConfig                         0x08000b73   Thumb Code    18  stm32f10x_rcc.o(.text)
    RCC_LSEConfig                            0x08000b85   Thumb Code    44  stm32f10x_rcc.o(.text)
    RCC_LSICmd                               0x08000bb1   Thumb Code     6  stm32f10x_rcc.o(.text)
    RCC_RTCCLKConfig                         0x08000bb7   Thumb Code    12  stm32f10x_rcc.o(.text)
    RCC_RTCCLKCmd                            0x08000bc3   Thumb Code     6  stm32f10x_rcc.o(.text)
    RCC_GetClocksFreq                        0x08000bc9   Thumb Code   192  stm32f10x_rcc.o(.text)
    RCC_AHBPeriphClockCmd                    0x08000c89   Thumb Code    26  stm32f10x_rcc.o(.text)
    RCC_APB2PeriphClockCmd                   0x08000ca3   Thumb Code    26  stm32f10x_rcc.o(.text)
    RCC_APB1PeriphClockCmd                   0x08000cbd   Thumb Code    26  stm32f10x_rcc.o(.text)
    RCC_APB2PeriphResetCmd                   0x08000cd7   Thumb Code    26  stm32f10x_rcc.o(.text)
    RCC_APB1PeriphResetCmd                   0x08000cf1   Thumb Code    26  stm32f10x_rcc.o(.text)
    RCC_BackupResetCmd                       0x08000d0b   Thumb Code     6  stm32f10x_rcc.o(.text)
    RCC_ClockSecuritySystemCmd               0x08000d11   Thumb Code     6  stm32f10x_rcc.o(.text)
    RCC_MCOConfig                            0x08000d17   Thumb Code     6  stm32f10x_rcc.o(.text)
    RCC_ClearFlag                            0x08000d1d   Thumb Code    14  stm32f10x_rcc.o(.text)
    RCC_GetITStatus                          0x08000d2b   Thumb Code    20  stm32f10x_rcc.o(.text)
    RCC_ClearITPendingBit                    0x08000d3f   Thumb Code     6  stm32f10x_rcc.o(.text)
    SystemInit                               0x08000e41   Thumb Code    78  system_stm32f10x.o(.text)
    SystemCoreClockUpdate                    0x08000e8f   Thumb Code   142  system_stm32f10x.o(.text)
    USART_DeInit                             0x08000f41   Thumb Code   134  stm32f10x_usart.o(.text)
    USART_Init                               0x08000fc7   Thumb Code   210  stm32f10x_usart.o(.text)
    USART_StructInit                         0x08001099   Thumb Code    24  stm32f10x_usart.o(.text)
    USART_ClockInit                          0x080010b1   Thumb Code    34  stm32f10x_usart.o(.text)
    USART_ClockStructInit                    0x080010d3   Thumb Code    12  stm32f10x_usart.o(.text)
    USART_Cmd                                0x080010df   Thumb Code    24  stm32f10x_usart.o(.text)
    USART_ITConfig                           0x080010f7   Thumb Code    74  stm32f10x_usart.o(.text)
    USART_DMACmd                             0x08001141   Thumb Code    24  stm32f10x_usart.o(.text)
    USART_SetAddress                         0x08001159   Thumb Code    18  stm32f10x_usart.o(.text)
    USART_WakeUpConfig                       0x0800116b   Thumb Code    18  stm32f10x_usart.o(.text)
    USART_ReceiverWakeUpCmd                  0x0800117d   Thumb Code    24  stm32f10x_usart.o(.text)
    USART_LINBreakDetectLengthConfig         0x08001195   Thumb Code    18  stm32f10x_usart.o(.text)
    USART_LINCmd                             0x080011a7   Thumb Code    24  stm32f10x_usart.o(.text)
    USART_SendData                           0x080011bf   Thumb Code     8  stm32f10x_usart.o(.text)
    USART_ReceiveData                        0x080011c7   Thumb Code    10  stm32f10x_usart.o(.text)
    USART_SendBreak                          0x080011d1   Thumb Code    10  stm32f10x_usart.o(.text)
    USART_SetGuardTime                       0x080011db   Thumb Code    16  stm32f10x_usart.o(.text)
    USART_SetPrescaler                       0x080011eb   Thumb Code    16  stm32f10x_usart.o(.text)
    USART_SmartCardCmd                       0x080011fb   Thumb Code    24  stm32f10x_usart.o(.text)
    USART_SmartCardNACKCmd                   0x08001213   Thumb Code    24  stm32f10x_usart.o(.text)
    USART_HalfDuplexCmd                      0x0800122b   Thumb Code    24  stm32f10x_usart.o(.text)
    USART_OverSampling8Cmd                   0x08001243   Thumb Code    22  stm32f10x_usart.o(.text)
    USART_OneBitMethodCmd                    0x08001259   Thumb Code    24  stm32f10x_usart.o(.text)
    USART_IrDAConfig                         0x08001271   Thumb Code    18  stm32f10x_usart.o(.text)
    USART_IrDACmd                            0x08001283   Thumb Code    24  stm32f10x_usart.o(.text)
    USART_GetFlagStatus                      0x0800129b   Thumb Code    26  stm32f10x_usart.o(.text)
    USART_ClearFlag                          0x080012b5   Thumb Code    18  stm32f10x_usart.o(.text)
    USART_GetITStatus                        0x080012c7   Thumb Code    84  stm32f10x_usart.o(.text)
    USART_ClearITPendingBit                  0x0800131b   Thumb Code    50  stm32f10x_usart.o(.text)
    NMI_Handler                              0x0800134d   Thumb Code     2  stm32f10x_it.o(.text)
    HardFault_Handler                        0x0800134f   Thumb Code     4  stm32f10x_it.o(.text)
    MemManage_Handler                        0x08001353   Thumb Code     4  stm32f10x_it.o(.text)
    BusFault_Handler                         0x08001357   Thumb Code     4  stm32f10x_it.o(.text)
    UsageFault_Handler                       0x0800135b   Thumb Code     4  stm32f10x_it.o(.text)
    SVC_Handler                              0x0800135f   Thumb Code     2  stm32f10x_it.o(.text)
    DebugMon_Handler                         0x08001361   Thumb Code     2  stm32f10x_it.o(.text)
    PendSV_Handler                           0x08001363   Thumb Code     2  stm32f10x_it.o(.text)
    SysTick_Handler                          0x08001365   Thumb Code    42  stm32f10x_it.o(.text)
    USART1_IRQHandler                        0x0800138f   Thumb Code   102  stm32f10x_it.o(.text)
    USART2_IRQHandler                        0x080013f5   Thumb Code   104  stm32f10x_it.o(.text)
    NVIC_PriorityGroupConfig                 0x08001491   Thumb Code    10  misc.o(.text)
    NVIC_Init                                0x0800149b   Thumb Code   118  misc.o(.text)
    NVIC_SetVectorTable                      0x08001511   Thumb Code    12  misc.o(.text)
    NVIC_SystemLPConfig                      0x0800151d   Thumb Code    38  misc.o(.text)
    SysTick_CLKSourceConfig                  0x08001543   Thumb Code    40  misc.o(.text)
    __aeabi_uidiv                            0x08001589   Thumb Code     0  uidiv.o(.text)
    __aeabi_uidivmod                         0x08001589   Thumb Code    44  uidiv.o(.text)
    __aeabi_uldivmod                         0x080015b5   Thumb Code   102  uldiv.o(.text)
    __I$use$fp                               0x0800161b   Thumb Code     0  iusefp.o(.text)
    __aeabi_dadd                             0x0800161b   Thumb Code   318  dadd.o(.text)
    __aeabi_dsub                             0x08001759   Thumb Code     6  dadd.o(.text)
    __aeabi_drsub                            0x0800175f   Thumb Code     6  dadd.o(.text)
    __aeabi_dmul                             0x08001765   Thumb Code   226  dmul.o(.text)
    __aeabi_ddiv                             0x08001847   Thumb Code   222  ddiv.o(.text)
    __aeabi_d2ulz                            0x08001925   Thumb Code    48  dfixul.o(.text)
    __aeabi_cdrcmple                         0x08001955   Thumb Code    38  cdrcmple.o(.text)
    __scatterload                            0x0800197d   Thumb Code    28  init.o(.text)
    __scatterload_rt2                        0x0800197d   Thumb Code     0  init.o(.text)
    __aeabi_llsl                             0x080019a1   Thumb Code    30  llshl.o(.text)
    _ll_shift_l                              0x080019a1   Thumb Code     0  llshl.o(.text)
    __aeabi_llsr                             0x080019bf   Thumb Code    32  llushr.o(.text)
    _ll_ushift_r                             0x080019bf   Thumb Code     0  llushr.o(.text)
    __aeabi_lasr                             0x080019df   Thumb Code    36  llsshr.o(.text)
    _ll_sshift_r                             0x080019df   Thumb Code     0  llsshr.o(.text)
    _double_round                            0x08001a03   Thumb Code    26  depilogue.o(.text)
    _double_epilogue                         0x08001a1d   Thumb Code   168  depilogue.o(.text)
    __0vsprintf                              0x08001ac5   Thumb Code    28  printfa.o(i.__0vsprintf)
    __1vsprintf                              0x08001ac5   Thumb Code     0  printfa.o(i.__0vsprintf)
    __2vsprintf                              0x08001ac5   Thumb Code     0  printfa.o(i.__0vsprintf)
    __c89vsprintf                            0x08001ac5   Thumb Code     0  printfa.o(i.__0vsprintf)
    vsprintf                                 0x08001ac5   Thumb Code     0  printfa.o(i.__0vsprintf)
    __scatterload_copy                       0x08001ae5   Thumb Code    14  handlers.o(i.__scatterload_copy)
    __scatterload_null                       0x08001af3   Thumb Code     2  handlers.o(i.__scatterload_null)
    __scatterload_zeroinit                   0x08001af5   Thumb Code    14  handlers.o(i.__scatterload_zeroinit)
    Region$$Table$$Base                      0x0800238c   Number         0  anon$$obj.o(Region$$Table)
    Region$$Table$$Limit                     0x080023ac   Number         0  anon$$obj.o(Region$$Table)
    GPIO_InitStructure                       0x20000000   Data           4  gpio.o(.data)
    NVIC_InitStructure                       0x20000004   Data           4  nvic.o(.data)
    g_TimingDelay                            0x20000008   Data           4  ram.o(.data)
    g_TestSig                                0x2000000c   Data           1  ram.o(.data)
    g_RxCounter1                             0x2000000d   Data           1  ram.o(.data)
    g_ReceiveState1                          0x2000000e   Data           1  ram.o(.data)
    g_RxCounter2                             0x2000000f   Data           1  ram.o(.data)
    g_ReceiveState2                          0x20000010   Data           1  ram.o(.data)
    SystemCoreClock                          0x20000028   Data           4  system_stm32f10x.o(.data)
    AHBPrescTable                            0x2000002c   Data          16  system_stm32f10x.o(.data)
    g_aRxBuffer1                             0x2000003c   Data         100  ram.o(.bss)
    g_aRxBuffer2                             0x200000a0   Data         100  ram.o(.bss)
    USART_InitStructure                      0x20000104   Data          16  uart.o(.bss)
    string                                   0x20000114   Data         256  uart.o(.bss)
    __initial_sp                             0x20000418   Data           0  stm32f10x.o(STACK)



==============================================================================

Memory Map of the image

  Image Entry point : 0x080000ed

  Load Region LR_IROM1 (Base: 0x08000000, Size: 0x000023e8, Max: 0x00010000, ABSOLUTE)

    Execution Region ER_IROM1 (Base: 0x08000000, Size: 0x000023ac, Max: 0x00010000, ABSOLUTE)

    Base Addr    Size         Type   Attr      Idx    E Section Name        Object

    0x08000000   0x000000ec   Data   RO            3    RESET               stm32f10x.o
    0x080000ec   0x00000000   Code   RO          291  * .ARM.Collect$$$$00000000  mc_w.l(entry.o)(mc_w.l)
    0x080000ec   0x00000004   Code   RO          322    .ARM.Collect$$$$00000001  mc_w.l(entry2.o)(mc_w.l)
    0x080000f0   0x00000004   Code   RO          325    .ARM.Collect$$$$00000004  mc_w.l(entry5.o)(mc_w.l)
    0x080000f4   0x00000008   Code   RO          326    .ARM.Collect$$$$00000007  mc_w.l(entry7.o)(mc_w.l)
    0x080000fc   0x00000004   Code   RO          323    .ARM.Collect$$$$00002712  mc_w.l(entry2.o)(mc_w.l)
    0x08000100   0x0000001c   Code   RO            4    .text               stm32f10x.o
    0x0800011c   0x00000064   Code   RO           10    .text               gpio.o
    0x08000180   0x000001bc   Code   RO           52    .text               main.o
    0x0800033c   0x000000ac   Code   RO           99    .text               nvic.o
    0x080003e8   0x00000048   Code   RO          131    .text               timer.o
    0x08000430   0x00000224   Code   RO          143    .text               uart.o
    0x08000654   0x00000028   Code   RO          168    .text               ultrasonic.o
    0x0800067c   0x00000358   Code   RO          180    .text               stm32f10x_gpio.o
    0x080009d4   0x000003a4   Code   RO          207    .text               stm32f10x_rcc.o
    0x08000d78   0x000001c8   Code   RO          233    .text               system_stm32f10x.o
    0x08000f40   0x0000040c   Code   RO          251    .text               stm32f10x_usart.o
    0x0800134c   0x00000144   Code   RO          263    .text               stm32f10x_it.o
    0x08001490   0x000000f8   Code   RO          279    .text               misc.o
    0x08001588   0x0000002c   Code   RO          330    .text               mc_w.l(uidiv.o)(mc_w.l)
    0x080015b4   0x00000066   Code   RO          332    .text               mc_w.l(uldiv.o)(mc_w.l)
    0x0800161a   0x00000000   Code   RO          334    .text               mc_w.l(iusefp.o)(mc_w.l)
    0x0800161a   0x0000014a   Code   RO          335    .text               mf_w.l(dadd.o)(mf_w.l)
    0x08001764   0x000000e2   Code   RO          337    .text               mf_w.l(dmul.o)(mf_w.l)
    0x08001846   0x000000de   Code   RO          339    .text               mf_w.l(ddiv.o)(mf_w.l)
    0x08001924   0x00000030   Code   RO          341    .text               mf_w.l(dfixul.o)(mf_w.l)
    0x08001954   0x00000028   Code   RO          343    .text               mf_w.l(cdrcmple.o)(mf_w.l)
    0x0800197c   0x00000024   Code   RO          345    .text               mc_w.l(init.o)(mc_w.l)
    0x080019a0   0x0000001e   Code   RO          347    .text               mc_w.l(llshl.o)(mc_w.l)
    0x080019be   0x00000020   Code   RO          349    .text               mc_w.l(llushr.o)(mc_w.l)
    0x080019de   0x00000024   Code   RO          351    .text               mc_w.l(llsshr.o)(mc_w.l)
    0x08001a02   0x000000c2   Code   RO          354    .text               mf_w.l(depilogue.o)(mf_w.l)
    0x08001ac4   0x00000020   Code   RO          301    i.__0vsprintf       mc_w.l(printfa.o)(mc_w.l)
    0x08001ae4   0x0000000e   Code   RO          358    i.__scatterload_copy  mc_w.l(handlers.o)(mc_w.l)
    0x08001af2   0x00000002   Code   RO          359    i.__scatterload_null  mc_w.l(handlers.o)(mc_w.l)
    0x08001af4   0x0000000e   Code   RO          360    i.__scatterload_zeroinit  mc_w.l(handlers.o)(mc_w.l)
    0x08001b02   0x00000002   PAD
    0x08001b04   0x00000154   Code   RO          302    i._fp_digits        mc_w.l(printfa.o)(mc_w.l)
    0x08001c58   0x000006d4   Code   RO          303    i._printf_core      mc_w.l(printfa.o)(mc_w.l)
    0x0800232c   0x00000026   Code   RO          304    i._printf_post_padding  mc_w.l(printfa.o)(mc_w.l)
    0x08002352   0x0000002e   Code   RO          305    i._printf_pre_padding  mc_w.l(printfa.o)(mc_w.l)
    0x08002380   0x0000000a   Code   RO          307    i._sputc            mc_w.l(printfa.o)(mc_w.l)
    0x0800238a   0x00000002   PAD
    0x0800238c   0x00000020   Data   RO          356    Region$$Table       anon$$obj.o


    Execution Region RW_IRAM1 (Base: 0x20000000, Size: 0x00000418, Max: 0x00005000, ABSOLUTE)

    Base Addr    Size         Type   Attr      Idx    E Section Name        Object

    0x20000000   0x00000004   Data   RW           11    .data               gpio.o
    0x20000004   0x00000004   Data   RW          100    .data               nvic.o
    0x20000008   0x00000009   Data   RW          119    .data               ram.o
    0x20000011   0x00000014   Data   RW          208    .data               stm32f10x_rcc.o
    0x20000025   0x00000003   PAD
    0x20000028   0x00000014   Data   RW          234    .data               system_stm32f10x.o
    0x2000003c   0x000000c8   Zero   RW          118    .bss                ram.o
    0x20000104   0x00000110   Zero   RW          144    .bss                uart.o
    0x20000214   0x00000004   PAD
    0x20000218   0x00000200   Zero   RW            1    STACK               stm32f10x.o


==============================================================================

Image component sizes


      Code (inc. data)   RO Data    RW Data    ZI Data      Debug   Object Name

       100         12          0          4          0          0   gpio.o
       444        176          0          0          0          0   main.o
       248         30          0          0          0          0   misc.o
       172         18          0          4          0          0   nvic.o
         0          0          0          9        200          0   ram.o
        28          4        236          0        512          0   stm32f10x.o
       856         40          0          0          0          0   stm32f10x_gpio.o
       324         52          0          0          0          0   stm32f10x_it.o
       932         52          0         20          0          0   stm32f10x_rcc.o
      1036         20          0          0          0          0   stm32f10x_usart.o
       456         36          0         20          0          0   system_stm32f10x.o
        72          4          0          0          0          0   timer.o
       548         20          0          0        272          0   uart.o
        40          0          0          0          0          0   ultrasonic.o

    ----------------------------------------------------------------------
      5256        464        268         60        988          0   Object Totals
         0          0         32          0          0          0   (incl. Generated)
         0          0          0          3          4          3   (incl. Padding)

    ----------------------------------------------------------------------

      Code (inc. data)   RO Data    RW Data    ZI Data      Debug   Library Member Name

         0          0          0          0          0          0   entry.o
         8          4          0          0          0          0   entry2.o
         4          0          0          0          0          0   entry5.o
         8          4          0          0          0          0   entry7.o
        30          0          0          0          0          0   handlers.o
        36          8          0          0          0          0   init.o
         0          0          0          0          0          0   iusefp.o
        30          0          0          0          0          0   llshl.o
        36          0          0          0          0          0   llsshr.o
        32          0          0          0          0          0   llushr.o
      2214         86          0          0          0          0   printfa.o
        44          0          0          0          0          0   uidiv.o
       102          0          0          0          0          0   uldiv.o
        40          2          0          0          0          0   cdrcmple.o
       330          0          0          0          0          0   dadd.o
       222          0          0          0          0          0   ddiv.o
       194          0          0          0          0          0   depilogue.o
        48          0          0          0          0          0   dfixul.o
       226          0          0          0          0          0   dmul.o

    ----------------------------------------------------------------------
      3608        104          0          0          0          0   Library Totals
         4          0          0          0          0          0   (incl. Padding)

    ----------------------------------------------------------------------

      Code (inc. data)   RO Data    RW Data    ZI Data      Debug   Library Name

      2544        102          0          0          0        968   mc_w.l
      1060          2          0          0          0        664   mf_w.l

    ----------------------------------------------------------------------
      3608        104          0          0          0          0   Library Totals

    ----------------------------------------------------------------------

==============================================================================


      Code (inc. data)   RO Data    RW Data    ZI Data      Debug   

      8864        568        268         60        988     281888   Grand Totals
      8864        568        268         60        988     281888   ELF Image Totals
      8864        568        268         60          0          0   ROM Totals

==============================================================================

    Total RO  Size (Code + RO Data)                 9132 (   8.92kB)
    Total RW  Size (RW Data + ZI Data)              1048 (   1.02kB)
    Total ROM Size (Code + RO Data + RW Data)       9192 (   8.98kB)

==============================================================================

