<html>
<body>
<pre>
<h1>µVision Build Log</h1>
<h2>Project:</h2>
E:\ultrasonic\STM32_ultrasonic\keil_project\STM32_ultrasonic.uvproj
Project File Date:  08/25/2016

<h2>Output:</h2>
Build target 'STM32_ultrasonic'
assembling STM32F10x.s...
compiling GPIO.c...
compiling main.c...
compiling NVIC.c...
compiling ram.c...
compiling timer.c...
compiling UART.c...
compiling ultrasonic.c...
compiling stm32f10x_gpio.c...
compiling stm32f10x_i2c.c...
compiling stm32f10x_rcc.c...
compiling stm32f10x_flash.c...
compiling system_stm32f10x.c...
compiling stm32f10x_usart.c...
compiling stm32f10x_it.c...
compiling misc.c...
linking...
Program Size: Code=11288 RO-data=784 RW-data=60 ZI-data=1084  
FromELF: creating hex file...
".\output\STM32_ultrasonic.axf" - 0 Error(s), 0 Warning(s).
