ARM Linker, 4.1 [Build 481] [Standard]

==============================================================================

Section Cross References

    stm32f10x.o(STACK) refers (Special) to heapauxi.o(.text) for __use_two_region_memory
    stm32f10x.o(HEAP) refers (Special) to heapauxi.o(.text) for __use_two_region_memory
    stm32f10x.o(RESET) refers (Special) to heapauxi.o(.text) for __use_two_region_memory
    stm32f10x.o(RESET) refers to stm32f10x.o(STACK) for __initial_sp
    stm32f10x.o(RESET) refers to stm32f10x.o(.text) for Reset_Handler
    stm32f10x.o(RESET) refers to stm32f10x_it.o(.text) for NMI_Handler
    stm32f10x.o(.text) refers (Special) to heapauxi.o(.text) for __use_two_region_memory
    stm32f10x.o(.text) refers to __main.o(!!!main) for __main
    stm32f10x.o(.text) refers to stm32f10x.o(HEAP) for Heap_Mem
    stm32f10x.o(.text) refers to stm32f10x.o(STACK) for Stack_Mem
    gpio.o(.text) refers to stm32f10x_rcc.o(.text) for RCC_APB2PeriphClockCmd
    gpio.o(.text) refers to stm32f10x_gpio.o(.text) for GPIO_Init
    gpio.o(.text) refers to gpio.o(.data) for GPIO_InitStructure
    main.o(.text) refers to system_stm32f10x.o(.text) for SystemInit
    main.o(.text) refers to gpio.o(.text) for GPIO_Initialization
    main.o(.text) refers to nvic.o(.text) for NVIC_initialization
    main.o(.text) refers to uart.o(.text) for UART1_Initialization
    main.o(.text) refers to stm32f10x_gpio.o(.text) for GPIO_ResetBits
    main.o(.text) refers to ultrasonic.o(.text) for UltrasonicHandle
    main.o(.text) refers to timer.o(.text) for Delay
    main.o(.text) refers to stm32f10x_usart.o(.text) for USART_SendData
    main.o(.text) refers to ram.o(.data) for g_ReceiveState1
    main.o(.text) refers to ram.o(.bss) for g_aRxBuffer1
    nvic.o(.text) refers to misc.o(.text) for SysTick_CLKSourceConfig
    nvic.o(.text) refers to system_stm32f10x.o(.data) for SystemCoreClock
    nvic.o(.text) refers to nvic.o(.data) for NVIC_InitStructure
    timer.o(.text) refers to ram.o(.data) for g_TimingDelay
    uart.o(.text) refers to stm32f10x_rcc.o(.text) for RCC_APB2PeriphClockCmd
    uart.o(.text) refers to stm32f10x_usart.o(.text) for USART_StructInit
    uart.o(.text) refers to c89vsprintf.o(.text) for __c89vsprintf
    uart.o(.text) refers to uart.o(.bss) for USART_InitStructure
    ultrasonic.o(.text) refers to uart.o(.text) for UART2_SendData
    ultrasonic.o(.text) refers to timer.o(.text) for Delay
    stm32f10x_gpio.o(.text) refers to stm32f10x_rcc.o(.text) for RCC_APB2PeriphResetCmd
    stm32f10x_i2c.o(.text) refers to stm32f10x_rcc.o(.text) for RCC_APB1PeriphResetCmd
    stm32f10x_rcc.o(.text) refers to stm32f10x_rcc.o(.data) for APBAHBPrescTable
    system_stm32f10x.o(.text) refers to system_stm32f10x.o(.data) for SystemCoreClock
    stm32f10x_usart.o(.text) refers to stm32f10x_rcc.o(.text) for RCC_APB2PeriphResetCmd
    stm32f10x_it.o(.text) refers to stm32f10x_usart.o(.text) for USART_GetITStatus
    stm32f10x_it.o(.text) refers to ram.o(.data) for g_TimingDelay
    stm32f10x_it.o(.text) refers to ram.o(.bss) for g_aRxBuffer1
    c89vsprintf.o(.text) refers (Special) to _printf_a.o(.ARM.Collect$$_printf_percent$$00000006) for _printf_a
    c89vsprintf.o(.text) refers (Special) to _printf_c.o(.ARM.Collect$$_printf_percent$$00000013) for _printf_c
    c89vsprintf.o(.text) refers (Special) to _printf_charcount.o(.text) for _printf_charcount
    c89vsprintf.o(.text) refers (Special) to _printf_d.o(.ARM.Collect$$_printf_percent$$00000009) for _printf_d
    c89vsprintf.o(.text) refers (Special) to _printf_e.o(.ARM.Collect$$_printf_percent$$00000004) for _printf_e
    c89vsprintf.o(.text) refers (Special) to _printf_f.o(.ARM.Collect$$_printf_percent$$00000003) for _printf_f
    c89vsprintf.o(.text) refers (Special) to printf1.o(x$fpl$printf1) for _printf_fp_dec
    c89vsprintf.o(.text) refers (Special) to _printf_g.o(.ARM.Collect$$_printf_percent$$00000005) for _printf_g
    c89vsprintf.o(.text) refers (Special) to _printf_i.o(.ARM.Collect$$_printf_percent$$00000008) for _printf_i
    c89vsprintf.o(.text) refers (Special) to _printf_dec.o(.text) for _printf_int_dec
    c89vsprintf.o(.text) refers (Special) to _printf_l.o(.ARM.Collect$$_printf_percent$$00000012) for _printf_l
    c89vsprintf.o(.text) refers (Special) to _printf_lc.o(.ARM.Collect$$_printf_percent$$00000015) for _printf_lc
    c89vsprintf.o(.text) refers (Special) to _printf_ll.o(.ARM.Collect$$_printf_percent$$00000007) for _printf_ll
    c89vsprintf.o(.text) refers (Special) to _printf_lld.o(.ARM.Collect$$_printf_percent$$0000000E) for _printf_lld
    c89vsprintf.o(.text) refers (Special) to _printf_lli.o(.ARM.Collect$$_printf_percent$$0000000D) for _printf_lli
    c89vsprintf.o(.text) refers (Special) to _printf_llo.o(.ARM.Collect$$_printf_percent$$00000010) for _printf_llo
    c89vsprintf.o(.text) refers (Special) to _printf_llu.o(.ARM.Collect$$_printf_percent$$0000000F) for _printf_llu
[...]

3 unused section(s) (total 2489 bytes) removed from the image.

==============================================================================

Image Symbol Table

    Local Symbols

    Symbol Name                              Value     Ov Type        Size  Object(Section)

    ../../angel/boardlib.s                   0x00000000   Number         0  boardinit2.o ABSOLUTE
    ../../angel/boardlib.s                   0x00000000   Number         0  boardshut.o ABSOLUTE
    ../../angel/boardlib.s                   0x00000000   Number         0  boardinit1.o ABSOLUTE
    ../../angel/boardlib.s                   0x00000000   Number         0  boardinit3.o ABSOLUTE
    ../../angel/handlers.s                   0x00000000   Number         0  __scatter_zi.o ABSOLUTE
    ../../angel/handlers.s                   0x00000000   Number         0  __scatter_copy.o ABSOLUTE
    ../../angel/kernel.s                     0x00000000   Number         0  rtentry2.o ABSOLUTE
    ../../angel/kernel.s                     0x00000000   Number         0  rtentry4.o ABSOLUTE
    ../../angel/kernel.s                     0x00000000   Number         0  rtexit2.o ABSOLUTE
    ../../angel/kernel.s                     0x00000000   Number         0  rtentry.o ABSOLUTE
    ../../angel/kernel.s                     0x00000000   Number         0  rtexit.o ABSOLUTE
    ../../angel/rt.s                         0x00000000   Number         0  rt_ctype_table.o ABSOLUTE
    ../../angel/rt.s                         0x00000000   Number         0  rt_locale.o ABSOLUTE
    ../../angel/rt.s                         0x00000000   Number         0  rt_raise.o ABSOLUTE
    ../../angel/rt.s                         0x00000000   Number         0  rt_fp_status_addr.o ABSOLUTE
    ../../angel/rt.s                         0x00000000   Number         0  rt_fp_status_addr_intlibspace.o ABSOLUTE
    ../../angel/rt.s                         0x00000000   Number         0  rt_locale_intlibspace.o ABSOLUTE
    ../../angel/scatter.s                    0x00000000   Number         0  __scatter.o ABSOLUTE
    ../../angel/startup.s                    0x00000000   Number         0  __main.o ABSOLUTE
    ../../angel/sys.s                        0x00000000   Number         0  use_no_semi.o ABSOLUTE
    ../../angel/sys.s                        0x00000000   Number         0  libspace.o ABSOLUTE
    ../../angel/sys.s                        0x00000000   Number         0  sys_stackheap_outer.o ABSOLUTE
    ../../angel/sysapp.c                     0x00000000   Number         0  sys_wrch.o ABSOLUTE
    ../../angel/sysapp.c                     0x00000000   Number         0  sys_command.o ABSOLUTE
    ../../angel/sysapp.c                     0x00000000   Number         0  sys_exit.o ABSOLUTE
    ../../armsys.c                           0x00000000   Number         0  argv_veneer.o ABSOLUTE
    ../../armsys.c                           0x00000000   Number         0  _get_argv_nomalloc.o ABSOLUTE
    ../../armsys.c                           0x00000000   Number         0  no_argv.o ABSOLUTE
    ../../armsys.c                           0x00000000   Number         0  argv_veneer.o ABSOLUTE
    ../../bigflt.c                           0x00000000   Number         0  bigflt0.o ABSOLUTE
    ../../btod.s                             0x00000000   Number         0  btod.o ABSOLUTE
    ../../division_7m.s                      0x00000000   Number         0  rtudiv10.o ABSOLUTE
    ../../fpclassify.c                       0x00000000   Number         0  fpclassify.o ABSOLUTE
    ../../fpinit.s                           0x00000000   Number         0  fpinit.o ABSOLUTE
    ../../heapalloc.c                        0x00000000   Number         0  hrguard.o ABSOLUTE
    ../../heapaux.c                          0x00000000   Number         0  heapauxi.o ABSOLUTE
    ../../istatus.s                          0x00000000   Number         0  istatus.o ABSOLUTE
    ../../libinit.s                          0x00000000   Number         0  libinit.o ABSOLUTE
    ../../libinit.s                          0x00000000   Number         0  libshutdown.o ABSOLUTE
    ../../libinit.s                          0x00000000   Number         0  libinit2.o ABSOLUTE
    ../../libinit.s                          0x00000000   Number         0  libshutdown2.o ABSOLUTE
    ../../locale.c                           0x00000000   Number         0  _wcrtomb.o ABSOLUTE
    ../../locale.s                           0x00000000   Number         0  lc_ctype_c.o ABSOLUTE
    ../../locale.s                           0x00000000   Number         0  lc_numeric_c.o ABSOLUTE
    ../../longlong.s                         0x00000000   Number         0  lludiv10.o ABSOLUTE
    ../../memcpset.s                         0x00000000   Number         0  strcmpv7m.o ABSOLUTE
    ../../misc.s                             0x00000000   Number         0  printf_stubs.o ABSOLUTE
    ../../printf.c                           0x00000000   Number         0  _printf_hex_int.o ABSOLUTE
    ../../printf.c                           0x00000000   Number         0  _printf_hex_int_ll.o ABSOLUTE
    ../../printf.c                           0x00000000   Number         0  _printf_hex_ptr.o ABSOLUTE
    ../../printf.c                           0x00000000   Number         0  _printf_hex_int_ptr.o ABSOLUTE
    ../../printf.c                           0x00000000   Number         0  _printf_hex_ll_ptr.o ABSOLUTE
    ../../printf.c                           0x00000000   Number         0  _printf_hex_int_ll_ptr.o ABSOLUTE
    ../../printf.c                           0x00000000   Number         0  __printf_flags_ss_wp.o ABSOLUTE
    ../../printf.c                           0x00000000   Number         0  _sputc.o ABSOLUTE
    ../../printf.c                           0x00000000   Number         0  _printf_char_common.o ABSOLUTE
    ../../printf.c                           0x00000000   Number         0  _printf_charcount.o ABSOLUTE
    ../../printf.c                           0x00000000   Number         0  _printf_dec.o ABSOLUTE
    ../../printf.c                           0x00000000   Number         0  __printf_ss_wp.o ABSOLUTE
    ../../printf.c                           0x00000000   Number         0  __printf_flags.o ABSOLUTE
    ../../printf.c                           0x00000000   Number         0  __printf_ss.o ABSOLUTE
    ../../printf.c                           0x00000000   Number         0  __printf_flags_ss.o ABSOLUTE
    ../../printf.c                           0x00000000   Number         0  __printf_wp.o ABSOLUTE
    ../../printf.c                           0x00000000   Number         0  __printf_flags_wp.o ABSOLUTE
    ../../printf.c                           0x00000000   Number         0  _printf_hex_ll.o ABSOLUTE
    ../../printf.c                           0x00000000   Number         0  _printf_intcommon.o ABSOLUTE
    ../../printf.c                           0x00000000   Number         0  _printf_fp_dec.o ABSOLUTE
    ../../printf.c                           0x00000000   Number         0  __printf_nopercent.o ABSOLUTE
    ../../printf.c                           0x00000000   Number         0  _printf_char.o ABSOLUTE
    ../../printf.c                           0x00000000   Number         0  _printf_wchar.o ABSOLUTE
    ../../printf.c                           0x00000000   Number         0  c89vsprintf.o ABSOLUTE
    ../../printf.c                           0x00000000   Number         0  __printf.o ABSOLUTE
    ../../printf.c                           0x00000000   Number         0  _printf_fp_infnan.o ABSOLUTE
    ../../printf.c                           0x00000000   Number         0  _printf_pad.o ABSOLUTE
    ../../printf.c                           0x00000000   Number         0  _printf_truncate.o ABSOLUTE
    ../../printf.c                           0x00000000   Number         0  _printf_str.o ABSOLUTE
    ../../printf.c                           0x00000000   Number         0  _printf_oct_ll.o ABSOLUTE
    ../../printf.c                           0x00000000   Number         0  _printf_oct_int.o ABSOLUTE
    ../../printf.c                           0x00000000   Number         0  _printf_oct_int_ll.o ABSOLUTE
    ../../printf.c                           0x00000000   Number         0  _printf_longlong_dec.o ABSOLUTE
    ../../printf.c                           0x00000000   Number         0  _printf_wctomb.o ABSOLUTE
    ../../printf1.s                          0x00000000   Number         0  printf1.o ABSOLUTE
    ../../printf_percent.s                   0x00000000   Number         0  _printf_d.o ABSOLUTE
    ../../printf_percent.s                   0x00000000   Number         0  _printf_u.o ABSOLUTE
    ../../printf_percent.s                   0x00000000   Number         0  _printf_f.o ABSOLUTE
    ../../printf_percent.s                   0x00000000   Number         0  _printf_e.o ABSOLUTE
    ../../printf_percent.s                   0x00000000   Number         0  _printf_g.o ABSOLUTE
    ../../printf_percent.s                   0x00000000   Number         0  _printf_a.o ABSOLUTE
    ../../printf_percent.s                   0x00000000   Number         0  _printf_percent.o ABSOLUTE
    ../../printf_percent.s                   0x00000000   Number         0  _printf_lli.o ABSOLUTE
    ../../printf_percent.s                   0x00000000   Number         0  _printf_lld.o ABSOLUTE
    ../../printf_percent.s                   0x00000000   Number         0  _printf_llu.o ABSOLUTE
    ../../printf_percent.s                   0x00000000   Number         0  _printf_percent_end.o ABSOLUTE
    ../../printf_percent.s                   0x00000000   Number         0  _printf_ll.o ABSOLUTE
    ../../printf_percent.s                   0x00000000   Number         0  _printf_l.o ABSOLUTE
    ../../printf_percent.s                   0x00000000   Number         0  _printf_lc.o ABSOLUTE
    ../../printf_percent.s                   0x00000000   Number         0  _printf_ls.o ABSOLUTE
    ../../printf_percent.s                   0x00000000   Number         0  _printf_llo.o ABSOLUTE
    ../../printf_percent.s                   0x00000000   Number         0  _printf_llx.o ABSOLUTE
    ../../printf_percent.s                   0x00000000   Number         0  _printf_o.o ABSOLUTE
    ../../printf_percent.s                   0x00000000   Number         0  _printf_c.o ABSOLUTE
    ../../printf_percent.s                   0x00000000   Number         0  _printf_s.o ABSOLUTE
    ../../printf_percent.s                   0x00000000   Number         0  _printf_n.o ABSOLUTE
    ../../printf_percent.s                   0x00000000   Number         0  _printf_x.o ABSOLUTE
    ../../printf_percent.s                   0x00000000   Number         0  _printf_p.o ABSOLUTE
    ../../printf_percent.s                   0x00000000   Number         0  _printf_i.o ABSOLUTE
    ../../signal.c                           0x00000000   Number         0  defsig_general.o ABSOLUTE
    ../../signal.c                           0x00000000   Number         0  __raise.o ABSOLUTE
    ../../signal.c                           0x00000000   Number         0  defsig_other.o ABSOLUTE
    ../../signal.c                           0x00000000   Number         0  defsig_segv_inner.o ABSOLUTE
    ../../signal.c                           0x00000000   Number         0  defsig_cppl_inner.o ABSOLUTE
    ../../signal.c                           0x00000000   Number         0  defsig_pvfn_inner.o ABSOLUTE
    ../../signal.c                           0x00000000   Number         0  defsig_rtred_inner.o ABSOLUTE
    ../../signal.c                           0x00000000   Number         0  defsig_fpe_inner.o ABSOLUTE
    ../../signal.c                           0x00000000   Number         0  defsig_abrt_inner.o ABSOLUTE
    ../../signal.c                           0x00000000   Number         0  defsig_rtmem_inner.o ABSOLUTE
    ../../signal.c                           0x00000000   Number         0  defsig_stak_inner.o ABSOLUTE
    ../../signal.c                           0x00000000   Number         0  defsig_exit.o ABSOLUTE
    ../../signal.c                           0x00000000   Number         0  defsig_rtmem_outer.o ABSOLUTE
    ../../signal.c                           0x00000000   Number         0  defsig_rtmem_formal.o ABSOLUTE
    ../../signal.s                           0x00000000   Number         0  defsig.o ABSOLUTE
    ../../stdlib.c                           0x00000000   Number         0  exit.o ABSOLUTE
    ../../usenofp.s                          0x00000000   Number         0  usenofp.o ABSOLUTE
    ..\src\GPIO.c                            0x00000000   Number         0  gpio.o ABSOLUTE
    ..\src\NVIC.c                            0x00000000   Number         0  nvic.o ABSOLUTE
    ..\src\UART.c                            0x00000000   Number         0  uart.o ABSOLUTE
    ..\src\main.c                            0x00000000   Number         0  main.o ABSOLUTE
    ..\src\misc.c                            0x00000000   Number         0  misc.o ABSOLUTE
    ..\src\ram.c                             0x00000000   Number         0  ram.o ABSOLUTE
    ..\src\stm32f10x_flash.c                 0x00000000   Number         0  stm32f10x_flash.o ABSOLUTE
    ..\src\stm32f10x_gpio.c                  0x00000000   Number         0  stm32f10x_gpio.o ABSOLUTE
    ..\src\stm32f10x_i2c.c                   0x00000000   Number         0  stm32f10x_i2c.o ABSOLUTE
    ..\src\stm32f10x_it.c                    0x00000000   Number         0  stm32f10x_it.o ABSOLUTE
    ..\src\stm32f10x_rcc.c                   0x00000000   Number         0  stm32f10x_rcc.o ABSOLUTE
    ..\src\stm32f10x_usart.c                 0x00000000   Number         0  stm32f10x_usart.o ABSOLUTE
    ..\src\system_stm32f10x.c                0x00000000   Number         0  system_stm32f10x.o ABSOLUTE
    ..\src\timer.c                           0x00000000   Number         0  timer.o ABSOLUTE
    ..\src\ultrasonic.c                      0x00000000   Number         0  ultrasonic.o ABSOLUTE
    STM32F10x.s                              0x00000000   Number         0  stm32f10x.o ABSOLUTE
    dc.s                                     0x00000000   Number         0  dc.o ABSOLUTE
    RESET                                    0x08000000   Section      236  stm32f10x.o(RESET)
    !!!main                                  0x080000ec   Section        8  __main.o(!!!main)
    !!!scatter                               0x080000f4   Section       52  __scatter.o(!!!scatter)
    !!handler_copy                           0x08000128   Section       26  __scatter_copy.o(!!handler_copy)
    !!handler_zi                             0x08000144   Section       28  __scatter_zi.o(!!handler_zi)
    .ARM.Collect$$_printf_percent$$00000000  0x08000160   Section        0  _printf_percent.o(.ARM.Collect$$_printf_percent$$00000000)
    .ARM.Collect$$_printf_percent$$00000001  0x08000160   Section        6  _printf_n.o(.ARM.Collect$$_printf_percent$$00000001)
    .ARM.Collect$$_printf_percent$$00000002  0x08000166   Section        6  _printf_p.o(.ARM.Collect$$_printf_percent$$00000002)
    .ARM.Collect$$_printf_percent$$00000003  0x0800016c   Section        6  _printf_f.o(.ARM.Collect$$_printf_percent$$00000003)
    .ARM.Collect$$_printf_percent$$00000004  0x08000172   Section        6  _printf_e.o(.ARM.Collect$$_printf_percent$$00000004)
    .ARM.Collect$$_printf_percent$$00000005  0x08000178   Section        6  _printf_g.o(.ARM.Collect$$_printf_percent$$00000005)
    .ARM.Collect$$_printf_percent$$00000006  0x0800017e   Section        6  _printf_a.o(.ARM.Collect$$_printf_percent$$00000006)
    .ARM.Collect$$_printf_percent$$00000007  0x08000184   Section       10  _printf_ll.o(.ARM.Collect$$_printf_percent$$00000007)
    .ARM.Collect$$_printf_percent$$00000008  0x0800018e   Section        6  _printf_i.o(.ARM.Collect$$_printf_percent$$00000008)
    .ARM.Collect$$_printf_percent$$00000009  0x08000194   Section        6  _printf_d.o(.ARM.Collect$$_printf_percent$$00000009)
    .ARM.Collect$$_printf_percent$$0000000A  0x0800019a   Section        6  _printf_u.o(.ARM.Collect$$_printf_percent$$0000000A)
    .ARM.Collect$$_printf_percent$$0000000B  0x080001a0   Section        6  _printf_o.o(.ARM.Collect$$_printf_percent$$0000000B)
    .ARM.Collect$$_printf_percent$$0000000C  0x080001a6   Section        6  _printf_x.o(.ARM.Collect$$_printf_percent$$0000000C)
    .ARM.Collect$$_printf_percent$$0000000D  0x080001ac   Section        6  _printf_lli.o(.ARM.Collect$$_printf_percent$$0000000D)
    .ARM.Collect$$_printf_percent$$0000000E  0x080001b2   Section        6  _printf_lld.o(.ARM.Collect$$_printf_percent$$0000000E)
    .ARM.Collect$$_printf_percent$$0000000F  0x080001b8   Section        6  _printf_llu.o(.ARM.Collect$$_printf_percent$$0000000F)
    .ARM.Collect$$_printf_percent$$00000010  0x080001be   Section        6  _printf_llo.o(.ARM.Collect$$_printf_percent$$00000010)
    .ARM.Collect$$_printf_percent$$00000011  0x080001c4   Section        6  _printf_llx.o(.ARM.Collect$$_printf_percent$$00000011)
    .ARM.Collect$$_printf_percent$$00000012  0x080001ca   Section       10  _printf_l.o(.ARM.Collect$$_printf_percent$$00000012)
    .ARM.Collect$$_printf_percent$$00000013  0x080001d4   Section        6  _printf_c.o(.ARM.Collect$$_printf_percent$$00000013)
    .ARM.Collect$$_printf_percent$$00000014  0x080001da   Section        6  _printf_s.o(.ARM.Collect$$_printf_percent$$00000014)
    .ARM.Collect$$_printf_percent$$00000015  0x080001e0   Section        6  _printf_lc.o(.ARM.Collect$$_printf_percent$$00000015)
    .ARM.Collect$$_printf_percent$$00000016  0x080001e6   Section        6  _printf_ls.o(.ARM.Collect$$_printf_percent$$00000016)
    .ARM.Collect$$_printf_percent$$00000017  0x080001ec   Section        4  _printf_percent_end.o(.ARM.Collect$$_printf_percent$$00000017)
    .ARM.Collect$$libinit$$00000000          0x080001f0   Section        6  libinit.o(.ARM.Collect$$libinit$$00000000)
    .ARM.Collect$$libinit$$00000006          0x080001f6   Section        0  libinit2.o(.ARM.Collect$$libinit$$00000006)
    .ARM.Collect$$libinit$$00000008          0x080001f6   Section        0  libinit2.o(.ARM.Collect$$libinit$$00000008)
    .ARM.Collect$$libinit$$0000000A          0x080001f6   Section        0  libinit2.o(.ARM.Collect$$libinit$$0000000A)
    .ARM.Collect$$libinit$$0000000B          0x080001f6   Section        6  libinit2.o(.ARM.Collect$$libinit$$0000000B)
    .ARM.Collect$$libinit$$0000000D          0x080001fc   Section        0  libinit2.o(.ARM.Collect$$libinit$$0000000D)
    .ARM.Collect$$libinit$$0000000E          0x080001fc   Section       12  libinit2.o(.ARM.Collect$$libinit$$0000000E)
    .ARM.Collect$$libinit$$0000000F          0x08000208   Section        0  libinit2.o(.ARM.Collect$$libinit$$0000000F)
    .ARM.Collect$$libinit$$00000011          0x08000208   Section        0  libinit2.o(.ARM.Collect$$libinit$$00000011)
    .ARM.Collect$$libinit$$00000012          0x08000208   Section       10  libinit2.o(.ARM.Collect$$libinit$$00000012)
    .ARM.Collect$$libinit$$00000013          0x08000212   Section        0  libinit2.o(.ARM.Collect$$libinit$$00000013)
    .ARM.Collect$$libinit$$00000015          0x08000212   Section        0  libinit2.o(.ARM.Collect$$libinit$$00000015)
    .ARM.Collect$$libinit$$00000017          0x08000212   Section        0  libinit2.o(.ARM.Collect$$libinit$$00000017)
    .ARM.Collect$$libinit$$00000019          0x08000212   Section        0  libinit2.o(.ARM.Collect$$libinit$$00000019)
    .ARM.Collect$$libinit$$0000001B          0x08000212   Section        0  libinit2.o(.ARM.Collect$$libinit$$0000001B)
    .ARM.Collect$$libinit$$0000001D          0x08000212   Section        0  libinit2.o(.ARM.Collect$$libinit$$0000001D)
    .ARM.Collect$$libinit$$0000001F          0x08000212   Section        0  libinit2.o(.ARM.Collect$$libinit$$0000001F)
    .ARM.Collect$$libinit$$00000021          0x08000212   Section        0  libinit2.o(.ARM.Collect$$libinit$$00000021)
    .ARM.Collect$$libinit$$00000028          0x08000212   Section        0  libinit2.o(.ARM.Collect$$libinit$$00000028)
    .ARM.Collect$$libinit$$0000002A          0x08000212   Section        0  libinit2.o(.ARM.Collect$$libinit$$0000002A)
    .ARM.Collect$$libinit$$0000002C          0x08000212   Section        0  libinit2.o(.ARM.Collect$$libinit$$0000002C)
    .ARM.Collect$$libinit$$0000002E          0x08000212   Section        0  libinit2.o(.ARM.Collect$$libinit$$0000002E)
    .ARM.Collect$$libinit$$0000002F          0x08000212   Section        2  libinit2.o(.ARM.Collect$$libinit$$0000002F)
    .ARM.Collect$$libshutdown$$00000000      0x08000214   Section        2  libshutdown.o(.ARM.Collect$$libshutdown$$00000000)
    .ARM.Collect$$libshutdown$$00000003      0x08000216   Section        0  libshutdown2.o(.ARM.Collect$$libshutdown$$00000003)
    .ARM.Collect$$libshutdown$$00000006      0x08000216   Section        0  libshutdown2.o(.ARM.Collect$$libshutdown$$00000006)
    .ARM.Collect$$libshutdown$$00000009      0x08000216   Section        0  libshutdown2.o(.ARM.Collect$$libshutdown$$00000009)
    .ARM.Collect$$libshutdown$$0000000B      0x08000216   Section        0  libshutdown2.o(.ARM.Collect$$libshutdown$$0000000B)
    .ARM.Collect$$libshutdown$$0000000E      0x08000216   Section        0  libshutdown2.o(.ARM.Collect$$libshutdown$$0000000E)
    .ARM.Collect$$libshutdown$$0000000F      0x08000216   Section        2  libshutdown2.o(.ARM.Collect$$libshutdown$$0000000F)
    .ARM.Collect$$rtentry$$00000000          0x08000218   Section        0  rtentry.o(.ARM.Collect$$rtentry$$00000000)
    .ARM.Collect$$rtentry$$00000002          0x08000218   Section        0  rtentry2.o(.ARM.Collect$$rtentry$$00000002)
    .ARM.Collect$$rtentry$$00000004          0x08000218   Section        6  rtentry4.o(.ARM.Collect$$rtentry$$00000004)
    .ARM.Collect$$rtentry$$00000009          0x0800021e   Section        0  rtentry2.o(.ARM.Collect$$rtentry$$00000009)
    .ARM.Collect$$rtentry$$0000000A          0x0800021e   Section        4  rtentry2.o(.ARM.Collect$$rtentry$$0000000A)
    .ARM.Collect$$rtentry$$0000000C          0x08000222   Section        0  rtentry2.o(.ARM.Collect$$rtentry$$0000000C)
    .ARM.Collect$$rtentry$$0000000D          0x08000222   Section        8  rtentry2.o(.ARM.Collect$$rtentry$$0000000D)
    .ARM.Collect$$rtexit$$00000000           0x0800022a   Section        2  rtexit.o(.ARM.Collect$$rtexit$$00000000)
    .ARM.Collect$$rtexit$$00000002           0x0800022c   Section        0  rtexit2.o(.ARM.Collect$$rtexit$$00000002)
    .ARM.Collect$$rtexit$$00000003           0x0800022c   Section        4  rtexit2.o(.ARM.Collect$$rtexit$$00000003)
    .ARM.Collect$$rtexit$$00000004           0x08000230   Section        6  rtexit2.o(.ARM.Collect$$rtexit$$00000004)
    .text                                    0x08000238   Section       52  stm32f10x.o(.text)
    .text                                    0x0800026c   Section        0  gpio.o(.text)
    .text                                    0x080002d0   Section        0  main.o(.text)
    .text                                    0x0800048c   Section        0  nvic.o(.text)
    .text                                    0x08000538   Section        0  timer.o(.text)
    .text                                    0x08000580   Section        0  uart.o(.text)
    .text                                    0x080007a4   Section        0  ultrasonic.o(.text)
    .text                                    0x080007cc   Section        0  stm32f10x_gpio.o(.text)
    .text                                    0x08000b24   Section        0  stm32f10x_rcc.o(.text)
    .text                                    0x08000ec8   Section        0  system_stm32f10x.o(.text)
    SetSysClockTo72                          0x08000ec9   Thumb Code   192  system_stm32f10x.o(.text)
    SetSysClock                              0x08000f89   Thumb Code     8  system_stm32f10x.o(.text)
    .text                                    0x08001090   Section        0  stm32f10x_usart.o(.text)
    .text                                    0x0800149c   Section        0  stm32f10x_it.o(.text)
    .text                                    0x080015e0   Section        0  misc.o(.text)
    .text                                    0x080016d8   Section        0  c89vsprintf.o(.text)
    .text                                    0x080016fc   Section        0  heapauxi.o(.text)
    .text                                    0x08001702   Section        0  _printf_pad.o(.text)
    .text                                    0x08001752   Section        0  _printf_truncate.o(.text)
    .text                                    0x08001776   Section        0  _printf_str.o(.text)
    .text                                    0x080017c8   Section        0  _printf_dec.o(.text)
    .text                                    0x0800183c   Section        0  _printf_charcount.o(.text)
    .text                                    0x08001868   Section        0  _printf_char_common.o(.text)
    _printf_input_char                       0x08001869   Thumb Code    10  _printf_char_common.o(.text)
    .text                                    0x08001898   Section        0  _sputc.o(.text)
    .text                                    0x080018a4   Section        0  _printf_wctomb.o(.text)
    .text                                    0x08001960   Section        0  _printf_longlong_dec.o(.text)
    .text                                    0x080019d8   Section        0  _printf_oct_int_ll.o(.text)
    _printf_longlong_oct_internal            0x080019d9   Thumb Code     0  _printf_oct_int_ll.o(.text)
    .text                                    0x08001a50   Section        0  _printf_hex_int_ll_ptr.o(.text)
    _printf_hex_common                       0x08001a51   Thumb Code     0  _printf_hex_int_ll_ptr.o(.text)
    .text                                    0x08001aec   Section        0  __printf_flags_ss_wp.o(.text)
    .text                                    0x08001c88   Section      138  lludiv10.o(.text)
    .text                                    0x08001d12   Section        0  _printf_intcommon.o(.text)
    .text                                    0x08001dc6   Section        0  _printf_fp_dec.o(.text)
    _fp_digits                               0x08001dc9   Thumb Code   420  _printf_fp_dec.o(.text)
    .text                                    0x080021d4   Section        0  _printf_char.o(.text)
    .text                                    0x08002200   Section        0  _printf_wchar.o(.text)
    .text                                    0x0800222c   Section        0  _wcrtomb.o(.text)
    .text                                    0x0800226c   Section       16  rtudiv10.o(.text)
    .text                                    0x0800227c   Section       74  sys_stackheap_outer.o(.text)
    .text                                    0x080022c8   Section       16  rt_ctype_table.o(.text)
    .text                                    0x080022d8   Section       12  rt_locale_intlibspace.o(.text)
    .text                                    0x080022e4   Section        0  _printf_fp_infnan.o(.text)
    .text                                    0x08002360   Section        0  bigflt0.o(.text)
    .text                                    0x0800244c   Section        0  exit.o(.text)
    .text                                    0x08002458   Section        8  libspace.o(.text)
    .text                                    0x08002460   Section      128  strcmpv7m.o(.text)
    .text                                    0x080024e0   Section       12  rt_fp_status_addr_intlibspace.o(.text)
    .text                                    0x080024ec   Section        0  sys_exit.o(.text)
    .text                                    0x080024f8   Section        2  use_no_semi.o(.text)
    CL$$btod_d2e                             0x080024fa   Section       62  btod.o(CL$$btod_d2e)
    CL$$btod_d2e_denorm_low                  0x08002538   Section       70  btod.o(CL$$btod_d2e_denorm_low)
    CL$$btod_d2e_norm_op1                    0x0800257e   Section       96  btod.o(CL$$btod_d2e_norm_op1)
    CL$$btod_div_common                      0x080025de   Section      824  btod.o(CL$$btod_div_common)
    CL$$btod_e2e                             0x08002916   Section      198  btod.o(CL$$btod_e2e)
    CL$$btod_ediv                            0x080029dc   Section       40  btod.o(CL$$btod_ediv)
    CL$$btod_emul                            0x08002a04   Section       40  btod.o(CL$$btod_emul)
    CL$$btod_mult_common                     0x08002a2c   Section      580  btod.o(CL$$btod_mult_common)
    i.__ARM_fpclassify                       0x08002c70   Section        0  fpclassify.o(i.__ARM_fpclassify)
    locale$$code                             0x08002c98   Section       44  lc_numeric_c.o(locale$$code)
    locale$$code                             0x08002cc4   Section       44  lc_ctype_c.o(locale$$code)
    x$fpl$fpinit                             0x08002cf0   Section       14  fpinit.o(x$fpl$fpinit)
    x$fpl$printf1                            0x08002cfe   Section        4  printf1.o(x$fpl$printf1)
    x$fpl$usenofp                            0x08002d02   Section        0  usenofp.o(x$fpl$usenofp)
    .constdata                               0x08002d04   Section        8  _printf_wctomb.o(.constdata)
    initial_mbstate                          0x08002d04   Data           8  _printf_wctomb.o(.constdata)
    .constdata                               0x08002d0c   Section       40  _printf_hex_int_ll_ptr.o(.constdata)
    uc_hextab                                0x08002d0c   Data          20  _printf_hex_int_ll_ptr.o(.constdata)
    lc_hextab                                0x08002d20   Data          20  _printf_hex_int_ll_ptr.o(.constdata)
    .constdata                               0x08002d34   Section       17  __printf_flags_ss_wp.o(.constdata)
    maptable                                 0x08002d34   Data          17  __printf_flags_ss_wp.o(.constdata)
    .constdata                               0x08002d48   Section      148  bigflt0.o(.constdata)
    tenpwrs_x                                0x08002d48   Data          60  bigflt0.o(.constdata)
    tenpwrs_i                                0x08002d84   Data          64  bigflt0.o(.constdata)
    locale$$data                             0x08002dfc   Section       28  lc_numeric_c.o(locale$$data)
    __lcnum_c_name                           0x08002e00   Data           2  lc_numeric_c.o(locale$$data)
    __lcnum_c_start                          0x08002e08   Data           0  lc_numeric_c.o(locale$$data)
    __lcnum_c_point                          0x08002e14   Data           0  lc_numeric_c.o(locale$$data)
    __lcnum_c_thousands                      0x08002e16   Data           0  lc_numeric_c.o(locale$$data)
    __lcnum_c_grouping                       0x08002e17   Data           0  lc_numeric_c.o(locale$$data)
    locale$$data                             0x08002e18   Section      272  lc_ctype_c.o(locale$$data)
    __lcnum_c_end                            0x08002e18   Data           0  lc_numeric_c.o(locale$$data)
    __lcctype_c_name                         0x08002e1c   Data           2  lc_ctype_c.o(locale$$data)
    __lcctype_c_start                        0x08002e24   Data           0  lc_ctype_c.o(locale$$data)
    __lcctype_c_end                          0x08002f28   Data           0  lc_ctype_c.o(locale$$data)
    .data                                    0x20000000   Section        4  gpio.o(.data)
    .data                                    0x20000004   Section        4  nvic.o(.data)
    .data                                    0x20000008   Section        9  ram.o(.data)
    .data                                    0x20000011   Section       20  stm32f10x_rcc.o(.data)
    APBAHBPrescTable                         0x20000011   Data          16  stm32f10x_rcc.o(.data)
    ADCPrescTable                            0x20000021   Data           4  stm32f10x_rcc.o(.data)
    .data                                    0x20000028   Section       20  system_stm32f10x.o(.data)
    .bss                                     0x2000003c   Section      200  ram.o(.bss)
    .bss                                     0x20000104   Section      272  uart.o(.bss)
    .bss                                     0x20000214   Section       96  libspace.o(.bss)
    HEAP                                     0x20000278   Section        0  stm32f10x.o(HEAP)
    STACK                                    0x20000278   Section      512  stm32f10x.o(STACK)
    Heap_Mem                                 0x20000278   Data           0  stm32f10x.o(HEAP)
    Stack_Mem                                0x20000278   Data         512  stm32f10x.o(STACK)
    __initial_sp                             0x20000478   Data           0  stm32f10x.o(STACK)

    Global Symbols

    Symbol Name                              Value     Ov Type        Size  Object(Section)

    BuildAttributes$$THM_ISAv4$P$D$K$B$S$PE$A:L22UL41UL21$X:L11$S22US41US21$IEEE1$IW$USESV6$~STKCKD$USESV7$~SHL$OTIME$ROPI$IEEEJ$EBA8$UX$STANDARDLIB$REQ8$PRES8$EABIv2 0x00000000   Number         0  anon$$obj.o ABSOLUTE
    __ARM_use_no_argv                        0x00000000   Number         0  main.o ABSOLUTE
    _printf_flags                            0x00000000   Number         0  printf_stubs.o ABSOLUTE
    _printf_return_value                     0x00000000   Number         0  printf_stubs.o ABSOLUTE
    _printf_sizespec                         0x00000000   Number         0  printf_stubs.o ABSOLUTE
    _printf_widthprec                        0x00000000   Number         0  printf_stubs.o ABSOLUTE
    __ARM_exceptions_init                     - Undefined Weak Reference
    __alloca_initialize                       - Undefined Weak Reference
    __cpp_initialize__aeabi_                  - Undefined Weak Reference
    __cxa_finalize                            - Undefined Weak Reference
    __sigvec_lookup                           - Undefined Weak Reference
    _atexit_init                              - Undefined Weak Reference
    _call_atexit_fns                          - Undefined Weak Reference
    _clock_init                               - Undefined Weak Reference
    _fp_trap_init                             - Undefined Weak Reference
    _fp_trap_shutdown                         - Undefined Weak Reference
    _get_lc_collate                           - Undefined Weak Reference
    _get_lc_monetary                          - Undefined Weak Reference
    _get_lc_time                              - Undefined Weak Reference
    _getenv_init                              - Undefined Weak Reference
    _handle_redirection                       - Undefined Weak Reference
    _init_alloc                               - Undefined Weak Reference
    _init_user_alloc                          - Undefined Weak Reference
    _initio                                   - Undefined Weak Reference
    _printf_fp_hex                            - Undefined Weak Reference
    _printf_mbtowc                            - Undefined Weak Reference
    _printf_wc                                - Undefined Weak Reference
    _rand_init                                - Undefined Weak Reference
    _signal_finish                            - Undefined Weak Reference
    _signal_init                              - Undefined Weak Reference
    _terminate_alloc                          - Undefined Weak Reference
    _terminate_user_alloc                     - Undefined Weak Reference
    _terminateio                              - Undefined Weak Reference
    __Vectors                                0x08000000   Data           4  stm32f10x.o(RESET)
    __main                                   0x080000ed   Thumb Code     8  __main.o(!!!main)
    __scatterload                            0x080000f5   Thumb Code     0  __scatter.o(!!!scatter)
    __scatterload_rt2                        0x080000f5   Thumb Code    44  __scatter.o(!!!scatter)
    __scatterload_rt2_thumb_only             0x080000f5   Thumb Code     0  __scatter.o(!!!scatter)
    __scatterload_null                       0x08000103   Thumb Code     0  __scatter.o(!!!scatter)
    __scatterload_copy                       0x08000129   Thumb Code    26  __scatter_copy.o(!!handler_copy)
    __scatterload_zeroinit                   0x08000145   Thumb Code    28  __scatter_zi.o(!!handler_zi)
    _printf_n                                0x08000161   Thumb Code     0  _printf_n.o(.ARM.Collect$$_printf_percent$$00000001)
    _printf_percent                          0x08000161   Thumb Code     0  _printf_percent.o(.ARM.Collect$$_printf_percent$$00000000)
    _printf_p                                0x08000167   Thumb Code     0  _printf_p.o(.ARM.Collect$$_printf_percent$$00000002)
    _printf_f                                0x0800016d   Thumb Code     0  _printf_f.o(.ARM.Collect$$_printf_percent$$00000003)
    _printf_e                                0x08000173   Thumb Code     0  _printf_e.o(.ARM.Collect$$_printf_percent$$00000004)
    _printf_g                                0x08000179   Thumb Code     0  _printf_g.o(.ARM.Collect$$_printf_percent$$00000005)
    _printf_a                                0x0800017f   Thumb Code     0  _printf_a.o(.ARM.Collect$$_printf_percent$$00000006)
    _printf_ll                               0x08000185   Thumb Code     0  _printf_ll.o(.ARM.Collect$$_printf_percent$$00000007)
    _printf_i                                0x0800018f   Thumb Code     0  _printf_i.o(.ARM.Collect$$_printf_percent$$00000008)
    _printf_d                                0x08000195   Thumb Code     0  _printf_d.o(.ARM.Collect$$_printf_percent$$00000009)
    _printf_u                                0x0800019b   Thumb Code     0  _printf_u.o(.ARM.Collect$$_printf_percent$$0000000A)
    _printf_o                                0x080001a1   Thumb Code     0  _printf_o.o(.ARM.Collect$$_printf_percent$$0000000B)
    _printf_x                                0x080001a7   Thumb Code     0  _printf_x.o(.ARM.Collect$$_printf_percent$$0000000C)
    _printf_lli                              0x080001ad   Thumb Code     0  _printf_lli.o(.ARM.Collect$$_printf_percent$$0000000D)
    _printf_lld                              0x080001b3   Thumb Code     0  _printf_lld.o(.ARM.Collect$$_printf_percent$$0000000E)
    _printf_llu                              0x080001b9   Thumb Code     0  _printf_llu.o(.ARM.Collect$$_printf_percent$$0000000F)
    _printf_llo                              0x080001bf   Thumb Code     0  _printf_llo.o(.ARM.Collect$$_printf_percent$$00000010)
    _printf_llx                              0x080001c5   Thumb Code     0  _printf_llx.o(.ARM.Collect$$_printf_percent$$00000011)
    _printf_l                                0x080001cb   Thumb Code     0  _printf_l.o(.ARM.Collect$$_printf_percent$$00000012)
    _printf_c                                0x080001d5   Thumb Code     0  _printf_c.o(.ARM.Collect$$_printf_percent$$00000013)
    _printf_s                                0x080001db   Thumb Code     0  _printf_s.o(.ARM.Collect$$_printf_percent$$00000014)
    _printf_lc                               0x080001e1   Thumb Code     0  _printf_lc.o(.ARM.Collect$$_printf_percent$$00000015)
    _printf_ls                               0x080001e7   Thumb Code     0  _printf_ls.o(.ARM.Collect$$_printf_percent$$00000016)
    _printf_percent_end                      0x080001ed   Thumb Code     0  _printf_percent_end.o(.ARM.Collect$$_printf_percent$$00000017)
    __rt_lib_init                            0x080001f1   Thumb Code     0  libinit.o(.ARM.Collect$$libinit$$00000000)
    __rt_lib_init_heap_1                     0x080001f7   Thumb Code     0  libinit2.o(.ARM.Collect$$libinit$$00000006)
    __rt_lib_init_lc_common                  0x080001f7   Thumb Code     0  libinit2.o(.ARM.Collect$$libinit$$0000000B)
    __rt_lib_init_rand_1                     0x080001f7   Thumb Code     0  libinit2.o(.ARM.Collect$$libinit$$0000000A)
    __rt_lib_init_user_alloc_1               0x080001f7   Thumb Code     0  libinit2.o(.ARM.Collect$$libinit$$00000008)
    __rt_lib_init_lc_collate_1               0x080001fd   Thumb Code     0  libinit2.o(.ARM.Collect$$libinit$$0000000D)
    __rt_lib_init_lc_ctype_2                 0x080001fd   Thumb Code     0  libinit2.o(.ARM.Collect$$libinit$$0000000E)
    __rt_lib_init_lc_ctype_1                 0x08000209   Thumb Code     0  libinit2.o(.ARM.Collect$$libinit$$0000000F)
    __rt_lib_init_lc_monetary_1              0x08000209   Thumb Code     0  libinit2.o(.ARM.Collect$$libinit$$00000011)
    __rt_lib_init_lc_numeric_2               0x08000209   Thumb Code     0  libinit2.o(.ARM.Collect$$libinit$$00000012)
    __rt_lib_init_alloca_1                   0x08000213   Thumb Code     0  libinit2.o(.ARM.Collect$$libinit$$0000002A)
    __rt_lib_init_argv_1                     0x08000213   Thumb Code     0  libinit2.o(.ARM.Collect$$libinit$$00000028)
    __rt_lib_init_atexit_1                   0x08000213   Thumb Code     0  libinit2.o(.ARM.Collect$$libinit$$00000017)
    __rt_lib_init_clock_1                    0x08000213   Thumb Code     0  libinit2.o(.ARM.Collect$$libinit$$0000001D)
    __rt_lib_init_cpp_1                      0x08000213   Thumb Code     0  libinit2.o(.ARM.Collect$$libinit$$0000002E)
    __rt_lib_init_exceptions_1               0x08000213   Thumb Code     0  libinit2.o(.ARM.Collect$$libinit$$0000002C)
    __rt_lib_init_fp_trap_1                  0x08000213   Thumb Code     0  libinit2.o(.ARM.Collect$$libinit$$0000001B)
    __rt_lib_init_getenv_1                   0x08000213   Thumb Code     0  libinit2.o(.ARM.Collect$$libinit$$0000001F)
    __rt_lib_init_lc_numeric_1               0x08000213   Thumb Code     0  libinit2.o(.ARM.Collect$$libinit$$00000013)
    __rt_lib_init_lc_time_1                  0x08000213   Thumb Code     0  libinit2.o(.ARM.Collect$$libinit$$00000015)
    __rt_lib_init_return                     0x08000213   Thumb Code     0  libinit2.o(.ARM.Collect$$libinit$$0000002F)
    __rt_lib_init_signal_1                   0x08000213   Thumb Code     0  libinit2.o(.ARM.Collect$$libinit$$00000019)
    __rt_lib_init_stdio_1                    0x08000213   Thumb Code     0  libinit2.o(.ARM.Collect$$libinit$$00000021)
    __rt_lib_shutdown                        0x08000215   Thumb Code     0  libshutdown.o(.ARM.Collect$$libshutdown$$00000000)
    __rt_lib_shutdown_fp_trap_1              0x08000217   Thumb Code     0  libshutdown2.o(.ARM.Collect$$libshutdown$$00000006)
    __rt_lib_shutdown_heap_1                 0x08000217   Thumb Code     0  libshutdown2.o(.ARM.Collect$$libshutdown$$0000000E)
    __rt_lib_shutdown_return                 0x08000217   Thumb Code     0  libshutdown2.o(.ARM.Collect$$libshutdown$$0000000F)
    __rt_lib_shutdown_signal_1               0x08000217   Thumb Code     0  libshutdown2.o(.ARM.Collect$$libshutdown$$00000009)
    __rt_lib_shutdown_stdio_1                0x08000217   Thumb Code     0  libshutdown2.o(.ARM.Collect$$libshutdown$$00000003)
    __rt_lib_shutdown_user_alloc_1           0x08000217   Thumb Code     0  libshutdown2.o(.ARM.Collect$$libshutdown$$0000000B)
    __rt_entry                               0x08000219   Thumb Code     0  rtentry.o(.ARM.Collect$$rtentry$$00000000)
    __rt_entry_presh_1                       0x08000219   Thumb Code     0  rtentry2.o(.ARM.Collect$$rtentry$$00000002)
    __rt_entry_sh                            0x08000219   Thumb Code     0  rtentry4.o(.ARM.Collect$$rtentry$$00000004)
    __rt_entry_li                            0x0800021f   Thumb Code     0  rtentry2.o(.ARM.Collect$$rtentry$$0000000A)
    __rt_entry_postsh_1                      0x0800021f   Thumb Code     0  rtentry2.o(.ARM.Collect$$rtentry$$00000009)
    __rt_entry_main                          0x08000223   Thumb Code     0  rtentry2.o(.ARM.Collect$$rtentry$$0000000D)
    __rt_entry_postli_1                      0x08000223   Thumb Code     0  rtentry2.o(.ARM.Collect$$rtentry$$0000000C)
    __rt_exit                                0x0800022b   Thumb Code     0  rtexit.o(.ARM.Collect$$rtexit$$00000000)
    __rt_exit_ls                             0x0800022d   Thumb Code     0  rtexit2.o(.ARM.Collect$$rtexit$$00000003)
    __rt_exit_prels_1                        0x0800022d   Thumb Code     0  rtexit2.o(.ARM.Collect$$rtexit$$00000002)
    __rt_exit_exit                           0x08000231   Thumb Code     0  rtexit2.o(.ARM.Collect$$rtexit$$00000004)
    Reset_Handler                            0x08000239   Thumb Code     4  stm32f10x.o(.text)
    ADC_IRQHandler                           0x0800024f   Thumb Code     0  stm32f10x.o(.text)
    CAN_RX1_IRQHandler                       0x0800024f   Thumb Code     0  stm32f10x.o(.text)
    CAN_SCE_IRQHandler                       0x0800024f   Thumb Code     0  stm32f10x.o(.text)
    DMAChannel1_IRQHandler                   0x0800024f   Thumb Code     0  stm32f10x.o(.text)
    DMAChannel2_IRQHandler                   0x0800024f   Thumb Code     0  stm32f10x.o(.text)
    DMAChannel3_IRQHandler                   0x0800024f   Thumb Code     0  stm32f10x.o(.text)
    DMAChannel4_IRQHandler                   0x0800024f   Thumb Code     0  stm32f10x.o(.text)
    DMAChannel5_IRQHandler                   0x0800024f   Thumb Code     0  stm32f10x.o(.text)
    DMAChannel6_IRQHandler                   0x0800024f   Thumb Code     0  stm32f10x.o(.text)
    DMAChannel7_IRQHandler                   0x0800024f   Thumb Code     0  stm32f10x.o(.text)
    EXTI0_IRQHandler                         0x0800024f   Thumb Code     0  stm32f10x.o(.text)
    EXTI15_10_IRQHandler                     0x0800024f   Thumb Code     0  stm32f10x.o(.text)
    EXTI1_IRQHandler                         0x0800024f   Thumb Code     0  stm32f10x.o(.text)
    EXTI2_IRQHandler                         0x0800024f   Thumb Code     0  stm32f10x.o(.text)
    EXTI3_IRQHandler                         0x0800024f   Thumb Code     0  stm32f10x.o(.text)
    EXTI4_IRQHandler                         0x0800024f   Thumb Code     0  stm32f10x.o(.text)
    EXTI9_5_IRQHandler                       0x0800024f   Thumb Code     0  stm32f10x.o(.text)
    FLASH_IRQHandler                         0x0800024f   Thumb Code     0  stm32f10x.o(.text)
    I2C1_ER_IRQHandler                       0x0800024f   Thumb Code     0  stm32f10x.o(.text)
    I2C1_EV_IRQHandler                       0x0800024f   Thumb Code     0  stm32f10x.o(.text)
    I2C2_ER_IRQHandler                       0x0800024f   Thumb Code     0  stm32f10x.o(.text)
    I2C2_EV_IRQHandler                       0x0800024f   Thumb Code     0  stm32f10x.o(.text)
    PVD_IRQHandler                           0x0800024f   Thumb Code     0  stm32f10x.o(.text)
    RCC_IRQHandler                           0x0800024f   Thumb Code     0  stm32f10x.o(.text)
    RTCAlarm_IRQHandler                      0x0800024f   Thumb Code     0  stm32f10x.o(.text)
    RTC_IRQHandler                           0x0800024f   Thumb Code     0  stm32f10x.o(.text)
    SPI1_IRQHandler                          0x0800024f   Thumb Code     0  stm32f10x.o(.text)
    SPI2_IRQHandler                          0x0800024f   Thumb Code     0  stm32f10x.o(.text)
    TAMPER_IRQHandler                        0x0800024f   Thumb Code     0  stm32f10x.o(.text)
    TIM1_BRK_IRQHandler                      0x0800024f   Thumb Code     0  stm32f10x.o(.text)
    TIM1_CC_IRQHandler                       0x0800024f   Thumb Code     0  stm32f10x.o(.text)
    TIM1_TRG_COM_IRQHandler                  0x0800024f   Thumb Code     0  stm32f10x.o(.text)
    TIM1_UP_IRQHandler                       0x0800024f   Thumb Code     0  stm32f10x.o(.text)
    TIM2_IRQHandler                          0x0800024f   Thumb Code     0  stm32f10x.o(.text)
    TIM3_IRQHandler                          0x0800024f   Thumb Code     0  stm32f10x.o(.text)
    TIM4_IRQHandler                          0x0800024f   Thumb Code     0  stm32f10x.o(.text)
    USART3_IRQHandler                        0x0800024f   Thumb Code     0  stm32f10x.o(.text)
    USBWakeUp_IRQHandler                     0x0800024f   Thumb Code     0  stm32f10x.o(.text)
    USB_HP_CAN_TX_IRQHandler                 0x0800024f   Thumb Code     0  stm32f10x.o(.text)
    USB_LP_CAN_RX0_IRQHandler                0x0800024f   Thumb Code     0  stm32f10x.o(.text)
    WWDG_IRQHandler                          0x0800024f   Thumb Code     0  stm32f10x.o(.text)
    __user_initial_stackheap                 0x08000251   Thumb Code     0  stm32f10x.o(.text)
    GPIO_Initialization                      0x0800026d   Thumb Code    88  gpio.o(.text)
    main                                     0x080002d1   Thumb Code   268  main.o(.text)
    SysTick_Configuration                    0x0800048d   Thumb Code    96  nvic.o(.text)
    NVIC_initialization                      0x080004ed   Thumb Code    58  nvic.o(.text)
    TimingDelay_Decrement                    0x08000539   Thumb Code    18  timer.o(.text)
    Delay                                    0x0800054b   Thumb Code    16  timer.o(.text)
    Delayms                                  0x0800055b   Thumb Code    34  timer.o(.text)
    UART1_Initialization                     0x08000581   Thumb Code    80  uart.o(.text)
    UART2_Initialization                     0x080005d1   Thumb Code    80  uart.o(.text)
    UART_SendData                            0x08000621   Thumb Code    16  uart.o(.text)
    UART1_SendData                           0x08000631   Thumb Code    14  uart.o(.text)
    UART2_SendData                           0x0800063f   Thumb Code    14  uart.o(.text)
    UART3_SendData                           0x0800064d   Thumb Code    14  uart.o(.text)
    UART_SendStr                             0x0800065b   Thumb Code    34  uart.o(.text)
    UART1_SendStr                            0x0800067d   Thumb Code    40  uart.o(.text)
    UART2_SendStr                            0x080006a5   Thumb Code    40  uart.o(.text)
    UART3_SendStr                            0x080006cd   Thumb Code    44  uart.o(.text)
    UART1_ReceiveData                        0x080006f9   Thumb Code    14  uart.o(.text)
    UART2_ReceiveData                        0x08000707   Thumb Code    14  uart.o(.text)
    UART3_ReceiveData                        0x08000715   Thumb Code    14  uart.o(.text)
    putsUART1                                0x08000723   Thumb Code    40  uart.o(.text)
    putsUART2                                0x0800074b   Thumb Code    40  uart.o(.text)
    Uart_Printf                              0x08000773   Thumb Code    30  uart.o(.text)
    UltrasonicHandle                         0x080007a5   Thumb Code    40  ultrasonic.o(.text)
    GPIO_DeInit                              0x080007cd   Thumb Code   172  stm32f10x_gpio.o(.text)
    GPIO_AFIODeInit                          0x08000879   Thumb Code    20  stm32f10x_gpio.o(.text)
    GPIO_Init                                0x0800088d   Thumb Code   274  stm32f10x_gpio.o(.text)
    GPIO_StructInit                          0x0800099f   Thumb Code    16  stm32f10x_gpio.o(.text)
    GPIO_ReadInputDataBit                    0x080009af   Thumb Code    18  stm32f10x_gpio.o(.text)
    GPIO_ReadInputData                       0x080009c1   Thumb Code     8  stm32f10x_gpio.o(.text)
    GPIO_ReadOutputDataBit                   0x080009c9   Thumb Code    18  stm32f10x_gpio.o(.text)
    GPIO_ReadOutputData                      0x080009db   Thumb Code     8  stm32f10x_gpio.o(.text)
    GPIO_SetBits                             0x080009e3   Thumb Code     4  stm32f10x_gpio.o(.text)
    GPIO_ResetBits                           0x080009e7   Thumb Code     4  stm32f10x_gpio.o(.text)
    GPIO_WriteBit                            0x080009eb   Thumb Code    10  stm32f10x_gpio.o(.text)
    GPIO_Write                               0x080009f5   Thumb Code     4  stm32f10x_gpio.o(.text)
    GPIO_PinLockConfig                       0x080009f9   Thumb Code    18  stm32f10x_gpio.o(.text)
    GPIO_EventOutputConfig                   0x08000a0b   Thumb Code    26  stm32f10x_gpio.o(.text)
    GPIO_EventOutputCmd                      0x08000a25   Thumb Code     6  stm32f10x_gpio.o(.text)
    GPIO_PinRemapConfig                      0x08000a2b   Thumb Code   138  stm32f10x_gpio.o(.text)
    GPIO_EXTILineConfig                      0x08000ab5   Thumb Code    66  stm32f10x_gpio.o(.text)
    GPIO_ETH_MediaInterfaceConfig            0x08000af7   Thumb Code     6  stm32f10x_gpio.o(.text)
    RCC_DeInit                               0x08000b25   Thumb Code    64  stm32f10x_rcc.o(.text)
    RCC_HSEConfig                            0x08000b65   Thumb Code    70  stm32f10x_rcc.o(.text)
    RCC_GetFlagStatus                        0x08000bab   Thumb Code    56  stm32f10x_rcc.o(.text)
    RCC_WaitForHSEStartUp                    0x08000be3   Thumb Code    48  stm32f10x_rcc.o(.text)
    RCC_AdjustHSICalibrationValue            0x08000c13   Thumb Code    20  stm32f10x_rcc.o(.text)
    RCC_HSICmd                               0x08000c27   Thumb Code     6  stm32f10x_rcc.o(.text)
    RCC_PLLConfig                            0x08000c2d   Thumb Code    24  stm32f10x_rcc.o(.text)
    RCC_PLLCmd                               0x08000c45   Thumb Code     6  stm32f10x_rcc.o(.text)
    RCC_SYSCLKConfig                         0x08000c4b   Thumb Code    18  stm32f10x_rcc.o(.text)
    RCC_GetSYSCLKSource                      0x08000c5d   Thumb Code    10  stm32f10x_rcc.o(.text)
    RCC_HCLKConfig                           0x08000c67   Thumb Code    18  stm32f10x_rcc.o(.text)
    RCC_PCLK1Config                          0x08000c79   Thumb Code    18  stm32f10x_rcc.o(.text)
    RCC_PCLK2Config                          0x08000c8b   Thumb Code    20  stm32f10x_rcc.o(.text)
    RCC_ITConfig                             0x08000c9f   Thumb Code    30  stm32f10x_rcc.o(.text)
    RCC_USBCLKConfig                         0x08000cbd   Thumb Code     6  stm32f10x_rcc.o(.text)
    RCC_ADCCLKConfig                         0x08000cc3   Thumb Code    18  stm32f10x_rcc.o(.text)
    RCC_LSEConfig                            0x08000cd5   Thumb Code    44  stm32f10x_rcc.o(.text)
    RCC_LSICmd                               0x08000d01   Thumb Code     6  stm32f10x_rcc.o(.text)
    RCC_RTCCLKConfig                         0x08000d07   Thumb Code    12  stm32f10x_rcc.o(.text)
    RCC_RTCCLKCmd                            0x08000d13   Thumb Code     6  stm32f10x_rcc.o(.text)
    RCC_GetClocksFreq                        0x08000d19   Thumb Code   192  stm32f10x_rcc.o(.text)
    RCC_AHBPeriphClockCmd                    0x08000dd9   Thumb Code    26  stm32f10x_rcc.o(.text)
    RCC_APB2PeriphClockCmd                   0x08000df3   Thumb Code    26  stm32f10x_rcc.o(.text)
    RCC_APB1PeriphClockCmd                   0x08000e0d   Thumb Code    26  stm32f10x_rcc.o(.text)
    RCC_APB2PeriphResetCmd                   0x08000e27   Thumb Code    26  stm32f10x_rcc.o(.text)
    RCC_APB1PeriphResetCmd                   0x08000e41   Thumb Code    26  stm32f10x_rcc.o(.text)
    RCC_BackupResetCmd                       0x08000e5b   Thumb Code     6  stm32f10x_rcc.o(.text)
    RCC_ClockSecuritySystemCmd               0x08000e61   Thumb Code     6  stm32f10x_rcc.o(.text)
    RCC_MCOConfig                            0x08000e67   Thumb Code     6  stm32f10x_rcc.o(.text)
    RCC_ClearFlag                            0x08000e6d   Thumb Code    14  stm32f10x_rcc.o(.text)
    RCC_GetITStatus                          0x08000e7b   Thumb Code    20  stm32f10x_rcc.o(.text)
    RCC_ClearITPendingBit                    0x08000e8f   Thumb Code     6  stm32f10x_rcc.o(.text)
    SystemInit                               0x08000f91   Thumb Code    78  system_stm32f10x.o(.text)
    SystemCoreClockUpdate                    0x08000fdf   Thumb Code   142  system_stm32f10x.o(.text)
    USART_DeInit                             0x08001091   Thumb Code   134  stm32f10x_usart.o(.text)
    USART_Init                               0x08001117   Thumb Code   210  stm32f10x_usart.o(.text)
    USART_StructInit                         0x080011e9   Thumb Code    24  stm32f10x_usart.o(.text)
    USART_ClockInit                          0x08001201   Thumb Code    34  stm32f10x_usart.o(.text)
    USART_ClockStructInit                    0x08001223   Thumb Code    12  stm32f10x_usart.o(.text)
    USART_Cmd                                0x0800122f   Thumb Code    24  stm32f10x_usart.o(.text)
    USART_ITConfig                           0x08001247   Thumb Code    74  stm32f10x_usart.o(.text)
    USART_DMACmd                             0x08001291   Thumb Code    24  stm32f10x_usart.o(.text)
    USART_SetAddress                         0x080012a9   Thumb Code    18  stm32f10x_usart.o(.text)
    USART_WakeUpConfig                       0x080012bb   Thumb Code    18  stm32f10x_usart.o(.text)
    USART_ReceiverWakeUpCmd                  0x080012cd   Thumb Code    24  stm32f10x_usart.o(.text)
    USART_LINBreakDetectLengthConfig         0x080012e5   Thumb Code    18  stm32f10x_usart.o(.text)
    USART_LINCmd                             0x080012f7   Thumb Code    24  stm32f10x_usart.o(.text)
    USART_SendData                           0x0800130f   Thumb Code     8  stm32f10x_usart.o(.text)
    USART_ReceiveData                        0x08001317   Thumb Code    10  stm32f10x_usart.o(.text)
    USART_SendBreak                          0x08001321   Thumb Code    10  stm32f10x_usart.o(.text)
    USART_SetGuardTime                       0x0800132b   Thumb Code    16  stm32f10x_usart.o(.text)
    USART_SetPrescaler                       0x0800133b   Thumb Code    16  stm32f10x_usart.o(.text)
    USART_SmartCardCmd                       0x0800134b   Thumb Code    24  stm32f10x_usart.o(.text)
    USART_SmartCardNACKCmd                   0x08001363   Thumb Code    24  stm32f10x_usart.o(.text)
    USART_HalfDuplexCmd                      0x0800137b   Thumb Code    24  stm32f10x_usart.o(.text)
    USART_OverSampling8Cmd                   0x08001393   Thumb Code    22  stm32f10x_usart.o(.text)
    USART_OneBitMethodCmd                    0x080013a9   Thumb Code    24  stm32f10x_usart.o(.text)
    USART_IrDAConfig                         0x080013c1   Thumb Code    18  stm32f10x_usart.o(.text)
    USART_IrDACmd                            0x080013d3   Thumb Code    24  stm32f10x_usart.o(.text)
    USART_GetFlagStatus                      0x080013eb   Thumb Code    26  stm32f10x_usart.o(.text)
    USART_ClearFlag                          0x08001405   Thumb Code    18  stm32f10x_usart.o(.text)
    USART_GetITStatus                        0x08001417   Thumb Code    84  stm32f10x_usart.o(.text)
    USART_ClearITPendingBit                  0x0800146b   Thumb Code    50  stm32f10x_usart.o(.text)
    NMI_Handler                              0x0800149d   Thumb Code     2  stm32f10x_it.o(.text)
    HardFault_Handler                        0x0800149f   Thumb Code     4  stm32f10x_it.o(.text)
    MemManage_Handler                        0x080014a3   Thumb Code     4  stm32f10x_it.o(.text)
    BusFault_Handler                         0x080014a7   Thumb Code     4  stm32f10x_it.o(.text)
    UsageFault_Handler                       0x080014ab   Thumb Code     4  stm32f10x_it.o(.text)
    SVC_Handler                              0x080014af   Thumb Code     2  stm32f10x_it.o(.text)
    DebugMon_Handler                         0x080014b1   Thumb Code     2  stm32f10x_it.o(.text)
    PendSV_Handler                           0x080014b3   Thumb Code     2  stm32f10x_it.o(.text)
    SysTick_Handler                          0x080014b5   Thumb Code    42  stm32f10x_it.o(.text)
    USART1_IRQHandler                        0x080014df   Thumb Code   102  stm32f10x_it.o(.text)
    USART2_IRQHandler                        0x08001545   Thumb Code   104  stm32f10x_it.o(.text)
    NVIC_PriorityGroupConfig                 0x080015e1   Thumb Code    10  misc.o(.text)
    NVIC_Init                                0x080015eb   Thumb Code   118  misc.o(.text)
    NVIC_SetVectorTable                      0x08001661   Thumb Code    12  misc.o(.text)
    NVIC_SystemLPConfig                      0x0800166d   Thumb Code    38  misc.o(.text)
    SysTick_CLKSourceConfig                  0x08001693   Thumb Code    40  misc.o(.text)
    __c89vsprintf                            0x080016d9   Thumb Code    32  c89vsprintf.o(.text)
    __use_two_region_memory                  0x080016fd   Thumb Code     2  heapauxi.o(.text)
    __rt_heap_escrow$2region                 0x080016ff   Thumb Code     2  heapauxi.o(.text)
    __rt_heap_expand$2region                 0x08001701   Thumb Code     2  heapauxi.o(.text)
    _printf_pre_padding                      0x08001703   Thumb Code    44  _printf_pad.o(.text)
    _printf_post_padding                     0x0800172f   Thumb Code    36  _printf_pad.o(.text)
    _printf_truncate_signed                  0x08001753   Thumb Code    18  _printf_truncate.o(.text)
    _printf_truncate_unsigned                0x08001765   Thumb Code    18  _printf_truncate.o(.text)
    _printf_str                              0x08001777   Thumb Code    82  _printf_str.o(.text)
    _printf_int_dec                          0x080017c9   Thumb Code    98  _printf_dec.o(.text)
    _printf_charcount                        0x0800183d   Thumb Code    42  _printf_charcount.o(.text)
    _printf_char_common                      0x08001873   Thumb Code    32  _printf_char_common.o(.text)
    _sputc                                   0x08001899   Thumb Code    10  _sputc.o(.text)
    _printf_wctomb                           0x080018a5   Thumb Code   182  _printf_wctomb.o(.text)
    _printf_longlong_dec                     0x08001961   Thumb Code   104  _printf_longlong_dec.o(.text)
    _printf_longlong_oct                     0x080019d9   Thumb Code    76  _printf_oct_int_ll.o(.text)
    _printf_int_oct                          0x08001a25   Thumb Code    24  _printf_oct_int_ll.o(.text)
    _printf_ll_oct                           0x08001a3d   Thumb Code    12  _printf_oct_int_ll.o(.text)
    _printf_longlong_hex                     0x08001a51   Thumb Code    92  _printf_hex_int_ll_ptr.o(.text)
    _printf_int_hex                          0x08001aad   Thumb Code    28  _printf_hex_int_ll_ptr.o(.text)
    _printf_ll_hex                           0x08001ac9   Thumb Code    12  _printf_hex_int_ll_ptr.o(.text)
    _printf_hex_ptr                          0x08001ad5   Thumb Code    18  _printf_hex_int_ll_ptr.o(.text)
    __printf                                 0x08001aed   Thumb Code   406  __printf_flags_ss_wp.o(.text)
    _ll_udiv10                               0x08001c89   Thumb Code   138  lludiv10.o(.text)
    _printf_int_common                       0x08001d13   Thumb Code   180  _printf_intcommon.o(.text)
    __lib_sel_fp_printf                      0x08001dc7   Thumb Code     2  _printf_fp_dec.o(.text)
    _printf_fp_dec_real                      0x08001f6d   Thumb Code   616  _printf_fp_dec.o(.text)
    _printf_cs_common                        0x080021d5   Thumb Code    20  _printf_char.o(.text)
    _printf_char                             0x080021e9   Thumb Code    16  _printf_char.o(.text)
    _printf_string                           0x080021f9   Thumb Code     8  _printf_char.o(.text)
    _printf_lcs_common                       0x08002201   Thumb Code    20  _printf_wchar.o(.text)
    _printf_wchar                            0x08002215   Thumb Code    16  _printf_wchar.o(.text)
    _printf_wstring                          0x08002225   Thumb Code     8  _printf_wchar.o(.text)
    _wcrtomb                                 0x0800222d   Thumb Code    64  _wcrtomb.o(.text)
    __rt_udiv10                              0x0800226d   Thumb Code    16  rtudiv10.o(.text)
    __user_setup_stackheap                   0x0800227d   Thumb Code    74  sys_stackheap_outer.o(.text)
    __rt_ctype_table                         0x080022c9   Thumb Code    16  rt_ctype_table.o(.text)
    __rt_locale                              0x080022d9   Thumb Code    12  rt_locale_intlibspace.o(.text)
    _printf_fp_infnan                        0x080022e5   Thumb Code   108  _printf_fp_infnan.o(.text)
    _btod_etento                             0x08002361   Thumb Code   230  bigflt0.o(.text)
    exit                                     0x0800244d   Thumb Code    12  exit.o(.text)
    __user_libspace                          0x08002459   Thumb Code     8  libspace.o(.text)
    __user_perproc_libspace                  0x08002459   Thumb Code     0  libspace.o(.text)
    __user_perthread_libspace                0x08002459   Thumb Code     0  libspace.o(.text)
    strcmp                                   0x08002461   Thumb Code   128  strcmpv7m.o(.text)
    __rt_fp_status_addr                      0x080024e1   Thumb Code    12  rt_fp_status_addr_intlibspace.o(.text)
    _sys_exit                                0x080024ed   Thumb Code     8  sys_exit.o(.text)
    __I$use$semihosting                      0x080024f9   Thumb Code     0  use_no_semi.o(.text)
    __use_no_semihosting_swi                 0x080024f9   Thumb Code     2  use_no_semi.o(.text)
    _btod_d2e                                0x080024fb   Thumb Code    62  btod.o(CL$$btod_d2e)
    _d2e_denorm_low                          0x08002539   Thumb Code    70  btod.o(CL$$btod_d2e_denorm_low)
    _d2e_norm_op1                            0x0800257f   Thumb Code    96  btod.o(CL$$btod_d2e_norm_op1)
    __btod_div_common                        0x080025df   Thumb Code   696  btod.o(CL$$btod_div_common)
    _e2e                                     0x08002917   Thumb Code   198  btod.o(CL$$btod_e2e)
    _btod_ediv                               0x080029dd   Thumb Code    40  btod.o(CL$$btod_ediv)
    _btod_emul                               0x08002a05   Thumb Code    40  btod.o(CL$$btod_emul)
    __btod_mult_common                       0x08002a2d   Thumb Code   580  btod.o(CL$$btod_mult_common)
    __ARM_fpclassify                         0x08002c71   Thumb Code    40  fpclassify.o(i.__ARM_fpclassify)
    _get_lc_numeric                          0x08002c99   Thumb Code    44  lc_numeric_c.o(locale$$code)
    _get_lc_ctype                            0x08002cc5   Thumb Code    44  lc_ctype_c.o(locale$$code)
    _fp_init                                 0x08002cf1   Thumb Code    14  fpinit.o(x$fpl$fpinit)
    __fplib_config_pureend_doubles           0x08002cfd   Thumb Code     0  fpinit.o(x$fpl$fpinit)
    _printf_fp_dec                           0x08002cff   Thumb Code     4  printf1.o(x$fpl$printf1)
    __I$use$fp                               0x08002d03   Thumb Code     0  usenofp.o(x$fpl$usenofp)
    Region$$Table$$Base                      0x08002ddc   Number         0  anon$$obj.o(Region$$Table)
    Region$$Table$$Limit                     0x08002dfc   Number         0  anon$$obj.o(Region$$Table)
    __ctype                                  0x08002e25   Data           0  lc_ctype_c.o(locale$$data)
    GPIO_InitStructure                       0x20000000   Data           4  gpio.o(.data)
    NVIC_InitStructure                       0x20000004   Data           4  nvic.o(.data)
    g_TimingDelay                            0x20000008   Data           4  ram.o(.data)
    g_TestSig                                0x2000000c   Data           1  ram.o(.data)
    g_RxCounter1                             0x2000000d   Data           1  ram.o(.data)
    g_ReceiveState1                          0x2000000e   Data           1  ram.o(.data)
    g_RxCounter2                             0x2000000f   Data           1  ram.o(.data)
    g_ReceiveState2                          0x20000010   Data           1  ram.o(.data)
    SystemCoreClock                          0x20000028   Data           4  system_stm32f10x.o(.data)
    AHBPrescTable                            0x2000002c   Data          16  system_stm32f10x.o(.data)
    g_aRxBuffer1                             0x2000003c   Data         100  ram.o(.bss)
    g_aRxBuffer2                             0x200000a0   Data         100  ram.o(.bss)
    USART_InitStructure                      0x20000104   Data          16  uart.o(.bss)
    string                                   0x20000114   Data         256  uart.o(.bss)
    __libspace_start                         0x20000214   Data          96  libspace.o(.bss)
    __temporary_stack_top$libspace           0x20000274   Data           0  libspace.o(.bss)



==============================================================================

Memory Map of the image

  Image Entry point : 0x080000ed

  Load Region LR_IROM1 (Base: 0x08000000, Size: 0x00002f64, Max: 0x00010000, ABSOLUTE)

    Execution Region ER_IROM1 (Base: 0x08000000, Size: 0x00002f28, Max: 0x00010000, ABSOLUTE)

    Base Addr    Size         Type   Attr      Idx    E Section Name        Object

    0x08000000   0x000000ec   Data   RO            3    RESET               stm32f10x.o
    0x080000ec   0x00000008   Code   RO          297  * !!!main             c_w.l(__main.o)(c_w.l)
    0x080000f4   0x00000034   Code   RO          614    !!!scatter          c_w.l(__scatter.o)(c_w.l)
    0x08000128   0x0000001a   Code   RO          616    !!handler_copy      c_w.l(__scatter_copy.o)(c_w.l)
    0x08000142   0x00000002   PAD
    0x08000144   0x0000001c   Code   RO          618    !!handler_zi        c_w.l(__scatter_zi.o)(c_w.l)
    0x08000160   0x00000000   Code   RO          380    .ARM.Collect$$_printf_percent$$00000000  c_w.l(_printf_percent.o)(c_w.l)
    0x08000160   0x00000006   Code   RO          369    .ARM.Collect$$_printf_percent$$00000001  c_w.l(_printf_n.o)(c_w.l)
    0x08000166   0x00000006   Code   RO          371    .ARM.Collect$$_printf_percent$$00000002  c_w.l(_printf_p.o)(c_w.l)
    0x0800016c   0x00000006   Code   RO          376    .ARM.Collect$$_printf_percent$$00000003  c_w.l(_printf_f.o)(c_w.l)
    0x08000172   0x00000006   Code   RO          377    .ARM.Collect$$_printf_percent$$00000004  c_w.l(_printf_e.o)(c_w.l)
    0x08000178   0x00000006   Code   RO          378    .ARM.Collect$$_printf_percent$$00000005  c_w.l(_printf_g.o)(c_w.l)
    0x0800017e   0x00000006   Code   RO          379    .ARM.Collect$$_printf_percent$$00000006  c_w.l(_printf_a.o)(c_w.l)
    0x08000184   0x0000000a   Code   RO          384    .ARM.Collect$$_printf_percent$$00000007  c_w.l(_printf_ll.o)(c_w.l)
    0x0800018e   0x00000006   Code   RO          373    .ARM.Collect$$_printf_percent$$00000008  c_w.l(_printf_i.o)(c_w.l)
    0x08000194   0x00000006   Code   RO          374    .ARM.Collect$$_printf_percent$$00000009  c_w.l(_printf_d.o)(c_w.l)
    0x0800019a   0x00000006   Code   RO          375    .ARM.Collect$$_printf_percent$$0000000A  c_w.l(_printf_u.o)(c_w.l)
    0x080001a0   0x00000006   Code   RO          372    .ARM.Collect$$_printf_percent$$0000000B  c_w.l(_printf_o.o)(c_w.l)
    0x080001a6   0x00000006   Code   RO          370    .ARM.Collect$$_printf_percent$$0000000C  c_w.l(_printf_x.o)(c_w.l)
    0x080001ac   0x00000006   Code   RO          381    .ARM.Collect$$_printf_percent$$0000000D  c_w.l(_printf_lli.o)(c_w.l)
    0x080001b2   0x00000006   Code   RO          382    .ARM.Collect$$_printf_percent$$0000000E  c_w.l(_printf_lld.o)(c_w.l)
    0x080001b8   0x00000006   Code   RO          383    .ARM.Collect$$_printf_percent$$0000000F  c_w.l(_printf_llu.o)(c_w.l)
    0x080001be   0x00000006   Code   RO          388    .ARM.Collect$$_printf_percent$$00000010  c_w.l(_printf_llo.o)(c_w.l)
    0x080001c4   0x00000006   Code   RO          389    .ARM.Collect$$_printf_percent$$00000011  c_w.l(_printf_llx.o)(c_w.l)
    0x080001ca   0x0000000a   Code   RO          385    .ARM.Collect$$_printf_percent$$00000012  c_w.l(_printf_l.o)(c_w.l)
    0x080001d4   0x00000006   Code   RO          367    .ARM.Collect$$_printf_percent$$00000013  c_w.l(_printf_c.o)(c_w.l)
    0x080001da   0x00000006   Code   RO          368    .ARM.Collect$$_printf_percent$$00000014  c_w.l(_printf_s.o)(c_w.l)
    0x080001e0   0x00000006   Code   RO          386    .ARM.Collect$$_printf_percent$$00000015  c_w.l(_printf_lc.o)(c_w.l)
    0x080001e6   0x00000006   Code   RO          387    .ARM.Collect$$_printf_percent$$00000016  c_w.l(_printf_ls.o)(c_w.l)
    0x080001ec   0x00000004   Code   RO          422    .ARM.Collect$$_printf_percent$$00000017  c_w.l(_printf_percent_end.o)(c_w.l)
    0x080001f0   0x00000006   Code   RO          474    .ARM.Collect$$libinit$$00000000  c_w.l(libinit.o)(c_w.l)
    0x080001f6   0x00000000   Code   RO          492    .ARM.Collect$$libinit$$00000006  c_w.l(libinit2.o)(c_w.l)
    0x080001f6   0x00000000   Code   RO          494    .ARM.Collect$$libinit$$00000008  c_w.l(libinit2.o)(c_w.l)
    0x080001f6   0x00000000   Code   RO          496    .ARM.Collect$$libinit$$0000000A  c_w.l(libinit2.o)(c_w.l)
    0x080001f6   0x00000006   Code   RO          497    .ARM.Collect$$libinit$$0000000B  c_w.l(libinit2.o)(c_w.l)
    0x080001fc   0x00000000   Code   RO          499    .ARM.Collect$$libinit$$0000000D  c_w.l(libinit2.o)(c_w.l)
    0x080001fc   0x0000000c   Code   RO          500    .ARM.Collect$$libinit$$0000000E  c_w.l(libinit2.o)(c_w.l)
    0x08000208   0x00000000   Code   RO          501    .ARM.Collect$$libinit$$0000000F  c_w.l(libinit2.o)(c_w.l)
    0x08000208   0x00000000   Code   RO          503    .ARM.Collect$$libinit$$00000011  c_w.l(libinit2.o)(c_w.l)
    0x08000208   0x0000000a   Code   RO          504    .ARM.Collect$$libinit$$00000012  c_w.l(libinit2.o)(c_w.l)
    0x08000212   0x00000000   Code   RO          505    .ARM.Collect$$libinit$$00000013  c_w.l(libinit2.o)(c_w.l)
    0x08000212   0x00000000   Code   RO          507    .ARM.Collect$$libinit$$00000015  c_w.l(libinit2.o)(c_w.l)
    0x08000212   0x00000000   Code   RO          509    .ARM.Collect$$libinit$$00000017  c_w.l(libinit2.o)(c_w.l)
    0x08000212   0x00000000   Code   RO          511    .ARM.Collect$$libinit$$00000019  c_w.l(libinit2.o)(c_w.l)
    0x08000212   0x00000000   Code   RO          513    .ARM.Collect$$libinit$$0000001B  c_w.l(libinit2.o)(c_w.l)
    0x08000212   0x00000000   Code   RO          515    .ARM.Collect$$libinit$$0000001D  c_w.l(libinit2.o)(c_w.l)
    0x08000212   0x00000000   Code   RO          517    .ARM.Collect$$libinit$$0000001F  c_w.l(libinit2.o)(c_w.l)
    0x08000212   0x00000000   Code   RO          519    .ARM.Collect$$libinit$$00000021  c_w.l(libinit2.o)(c_w.l)
    0x08000212   0x00000000   Code   RO          523    .ARM.Collect$$libinit$$00000028  c_w.l(libinit2.o)(c_w.l)
    0x08000212   0x00000000   Code   RO          525    .ARM.Collect$$libinit$$0000002A  c_w.l(libinit2.o)(c_w.l)
    0x08000212   0x00000000   Code   RO          527    .ARM.Collect$$libinit$$0000002C  c_w.l(libinit2.o)(c_w.l)
    0x08000212   0x00000000   Code   RO          529    .ARM.Collect$$libinit$$0000002E  c_w.l(libinit2.o)(c_w.l)
    0x08000212   0x00000002   Code   RO          530    .ARM.Collect$$libinit$$0000002F  c_w.l(libinit2.o)(c_w.l)
    0x08000214   0x00000002   Code   RO          556    .ARM.Collect$$libshutdown$$00000000  c_w.l(libshutdown.o)(c_w.l)
    0x08000216   0x00000000   Code   RO          569    .ARM.Collect$$libshutdown$$00000003  c_w.l(libshutdown2.o)(c_w.l)
    0x08000216   0x00000000   Code   RO          572    .ARM.Collect$$libshutdown$$00000006  c_w.l(libshutdown2.o)(c_w.l)
    0x08000216   0x00000000   Code   RO          575    .ARM.Collect$$libshutdown$$00000009  c_w.l(libshutdown2.o)(c_w.l)
    0x08000216   0x00000000   Code   RO          577    .ARM.Collect$$libshutdown$$0000000B  c_w.l(libshutdown2.o)(c_w.l)
    0x08000216   0x00000000   Code   RO          580    .ARM.Collect$$libshutdown$$0000000E  c_w.l(libshutdown2.o)(c_w.l)
    0x08000216   0x00000002   Code   RO          581    .ARM.Collect$$libshutdown$$0000000F  c_w.l(libshutdown2.o)(c_w.l)
    0x08000218   0x00000000   Code   RO          299    .ARM.Collect$$rtentry$$00000000  c_w.l(rtentry.o)(c_w.l)
    0x08000218   0x00000000   Code   RO          393    .ARM.Collect$$rtentry$$00000002  c_w.l(rtentry2.o)(c_w.l)
    0x08000218   0x00000006   Code   RO          408    .ARM.Collect$$rtentry$$00000004  c_w.l(rtentry4.o)(c_w.l)
    0x0800021e   0x00000000   Code   RO          395    .ARM.Collect$$rtentry$$00000009  c_w.l(rtentry2.o)(c_w.l)
    0x0800021e   0x00000004   Code   RO          396    .ARM.Collect$$rtentry$$0000000A  c_w.l(rtentry2.o)(c_w.l)
    0x08000222   0x00000000   Code   RO          398    .ARM.Collect$$rtentry$$0000000C  c_w.l(rtentry2.o)(c_w.l)
    0x08000222   0x00000008   Code   RO          399    .ARM.Collect$$rtentry$$0000000D  c_w.l(rtentry2.o)(c_w.l)
    0x0800022a   0x00000002   Code   RO          483    .ARM.Collect$$rtexit$$00000000  c_w.l(rtexit.o)(c_w.l)
    0x0800022c   0x00000000   Code   RO          534    .ARM.Collect$$rtexit$$00000002  c_w.l(rtexit2.o)(c_w.l)
    0x0800022c   0x00000004   Code   RO          535    .ARM.Collect$$rtexit$$00000003  c_w.l(rtexit2.o)(c_w.l)
    0x08000230   0x00000006   Code   RO          536    .ARM.Collect$$rtexit$$00000004  c_w.l(rtexit2.o)(c_w.l)
    0x08000236   0x00000002   PAD
    0x08000238   0x00000034   Code   RO            4    .text               stm32f10x.o
    0x0800026c   0x00000064   Code   RO           10    .text               gpio.o
    0x080002d0   0x000001bc   Code   RO           52    .text               main.o
    0x0800048c   0x000000ac   Code   RO           99    .text               nvic.o
    0x08000538   0x00000048   Code   RO          131    .text               timer.o
    0x08000580   0x00000224   Code   RO          143    .text               uart.o
    0x080007a4   0x00000028   Code   RO          168    .text               ultrasonic.o
    0x080007cc   0x00000358   Code   RO          180    .text               stm32f10x_gpio.o
    0x08000b24   0x000003a4   Code   RO          207    .text               stm32f10x_rcc.o
    0x08000ec8   0x000001c8   Code   RO          233    .text               system_stm32f10x.o
    0x08001090   0x0000040c   Code   RO          251    .text               stm32f10x_usart.o
    0x0800149c   0x00000144   Code   RO          263    .text               stm32f10x_it.o
    0x080015e0   0x000000f8   Code   RO          279    .text               misc.o
    0x080016d8   0x00000024   Code   RO          293    .text               c_w.l(c89vsprintf.o)(c_w.l)
    0x080016fc   0x00000006   Code   RO          295    .text               c_w.l(heapauxi.o)(c_w.l)
    0x08001702   0x00000050   Code   RO          303    .text               c_w.l(_printf_pad.o)(c_w.l)
    0x08001752   0x00000024   Code   RO          305    .text               c_w.l(_printf_truncate.o)(c_w.l)
    0x08001776   0x00000052   Code   RO          307    .text               c_w.l(_printf_str.o)(c_w.l)
    0x080017c8   0x00000074   Code   RO          309    .text               c_w.l(_printf_dec.o)(c_w.l)
    0x0800183c   0x0000002a   Code   RO          311    .text               c_w.l(_printf_charcount.o)(c_w.l)
    0x08001866   0x00000002   PAD
    0x08001868   0x00000030   Code   RO          313    .text               c_w.l(_printf_char_common.o)(c_w.l)
    0x08001898   0x0000000a   Code   RO          315    .text               c_w.l(_sputc.o)(c_w.l)
    0x080018a2   0x00000002   PAD
    0x080018a4   0x000000bc   Code   RO          317    .text               c_w.l(_printf_wctomb.o)(c_w.l)
    0x08001960   0x00000078   Code   RO          320    .text               c_w.l(_printf_longlong_dec.o)(c_w.l)
    0x080019d8   0x00000078   Code   RO          326    .text               c_w.l(_printf_oct_int_ll.o)(c_w.l)
    0x08001a50   0x0000009c   Code   RO          346    .text               c_w.l(_printf_hex_int_ll_ptr.o)(c_w.l)
    0x08001aec   0x0000019c   Code   RO          364    .text               c_w.l(__printf_flags_ss_wp.o)(c_w.l)
    0x08001c88   0x0000008a   Code   RO          410    .text               c_w.l(lludiv10.o)(c_w.l)
    0x08001d12   0x000000b4   Code   RO          412    .text               c_w.l(_printf_intcommon.o)(c_w.l)
    0x08001dc6   0x0000040e   Code   RO          414    .text               c_w.l(_printf_fp_dec.o)(c_w.l)
    0x080021d4   0x0000002c   Code   RO          418    .text               c_w.l(_printf_char.o)(c_w.l)
    0x08002200   0x0000002c   Code   RO          420    .text               c_w.l(_printf_wchar.o)(c_w.l)
    0x0800222c   0x00000040   Code   RO          423    .text               c_w.l(_wcrtomb.o)(c_w.l)
    0x0800226c   0x00000010   Code   RO          425    .text               c_w.l(rtudiv10.o)(c_w.l)
    0x0800227c   0x0000004a   Code   RO          427    .text               c_w.l(sys_stackheap_outer.o)(c_w.l)
    0x080022c6   0x00000002   PAD
    0x080022c8   0x00000010   Code   RO          429    .text               c_w.l(rt_ctype_table.o)(c_w.l)
    0x080022d8   0x0000000c   Code   RO          434    .text               c_w.l(rt_locale_intlibspace.o)(c_w.l)
    0x080022e4   0x0000007c   Code   RO          436    .text               c_w.l(_printf_fp_infnan.o)(c_w.l)
    0x08002360   0x000000ec   Code   RO          438    .text               c_w.l(bigflt0.o)(c_w.l)
    0x0800244c   0x0000000c   Code   RO          466    .text               c_w.l(exit.o)(c_w.l)
    0x08002458   0x00000008   Code   RO          480    .text               c_w.l(libspace.o)(c_w.l)
    0x08002460   0x00000080   Code   RO          488    .text               c_w.l(strcmpv7m.o)(c_w.l)
    0x080024e0   0x0000000c   Code   RO          544    .text               c_w.l(rt_fp_status_addr_intlibspace.o)(c_w.l)
    0x080024ec   0x0000000c   Code   RO          548    .text               c_w.l(sys_exit.o)(c_w.l)
    0x080024f8   0x00000002   Code   RO          559    .text               c_w.l(use_no_semi.o)(c_w.l)
    0x080024fa   0x0000003e   Code   RO          441    CL$$btod_d2e        c_w.l(btod.o)(c_w.l)
    0x08002538   0x00000046   Code   RO          443    CL$$btod_d2e_denorm_low  c_w.l(btod.o)(c_w.l)
    0x0800257e   0x00000060   Code   RO          442    CL$$btod_d2e_norm_op1  c_w.l(btod.o)(c_w.l)
    0x080025de   0x00000338   Code   RO          451    CL$$btod_div_common  c_w.l(btod.o)(c_w.l)
    0x08002916   0x000000c6   Code   RO          448    CL$$btod_e2e        c_w.l(btod.o)(c_w.l)
    0x080029dc   0x00000028   Code   RO          445    CL$$btod_ediv       c_w.l(btod.o)(c_w.l)
    0x08002a04   0x00000028   Code   RO          444    CL$$btod_emul       c_w.l(btod.o)(c_w.l)
    0x08002a2c   0x00000244   Code   RO          450    CL$$btod_mult_common  c_w.l(btod.o)(c_w.l)
    0x08002c70   0x00000028   Code   RO          478    i.__ARM_fpclassify  m_ws.l(fpclassify.o)(m_ws.l)
    0x08002c98   0x0000002c   Code   RO          464    locale$$code        c_w.l(lc_numeric_c.o)(c_w.l)
    0x08002cc4   0x0000002c   Code   RO          486    locale$$code        c_w.l(lc_ctype_c.o)(c_w.l)
    0x08002cf0   0x0000000e   Code   RO          531    x$fpl$fpinit        fz_ws.l(fpinit.o)(fz_ws.l)
    0x08002cfe   0x00000004   Code   RO          390    x$fpl$printf1       fz_ws.l(printf1.o)(fz_ws.l)
    0x08002d02   0x00000000   Code   RO          477    x$fpl$usenofp       fz_ws.l(usenofp.o)(fz_ws.l)
    0x08002d02   0x00000002   PAD
    0x08002d04   0x00000008   Data   RO          318    .constdata          c_w.l(_printf_wctomb.o)(c_w.l)
    0x08002d0c   0x00000028   Data   RO          347    .constdata          c_w.l(_printf_hex_int_ll_ptr.o)(c_w.l)
    0x08002d34   0x00000011   Data   RO          365    .constdata          c_w.l(__printf_flags_ss_wp.o)(c_w.l)
    0x08002d45   0x00000003   PAD
    0x08002d48   0x00000094   Data   RO          439    .constdata          c_w.l(bigflt0.o)(c_w.l)
    0x08002ddc   0x00000020   Data   RO          612    Region$$Table       anon$$obj.o
    0x08002dfc   0x0000001c   Data   RO          463    locale$$data        c_w.l(lc_numeric_c.o)(c_w.l)
    0x08002e18   0x00000110   Data   RO          485    locale$$data        c_w.l(lc_ctype_c.o)(c_w.l)


    Execution Region RW_IRAM1 (Base: 0x20000000, Size: 0x00000478, Max: 0x00005000, ABSOLUTE)

    Base Addr    Size         Type   Attr      Idx    E Section Name        Object

    0x20000000   0x00000004   Data   RW           11    .data               gpio.o
    0x20000004   0x00000004   Data   RW          100    .data               nvic.o
    0x20000008   0x00000009   Data   RW          119    .data               ram.o
    0x20000011   0x00000014   Data   RW          208    .data               stm32f10x_rcc.o
    0x20000025   0x00000003   PAD
    0x20000028   0x00000014   Data   RW          234    .data               system_stm32f10x.o
    0x2000003c   0x000000c8   Zero   RW          118    .bss                ram.o
    0x20000104   0x00000110   Zero   RW          144    .bss                uart.o
    0x20000214   0x00000060   Zero   RW          481    .bss                c_w.l(libspace.o)(c_w.l)
    0x20000274   0x00000004   PAD
    0x20000278   0x00000000   Zero   RW            2    HEAP                stm32f10x.o
    0x20000278   0x00000200   Zero   RW            1    STACK               stm32f10x.o


==============================================================================

Image component sizes


      Code (inc. data)   RO Data    RW Data    ZI Data      Debug   Object Name

       100         12          0          4          0          0   gpio.o
       444        176          0          0          0          0   main.o
       248         30          0          0          0          0   misc.o
       172         18          0          4          0          0   nvic.o
         0          0          0          9        200          0   ram.o
        52         18        236          0        512          0   stm32f10x.o
       856         40          0          0          0          0   stm32f10x_gpio.o
       324         52          0          0          0          0   stm32f10x_it.o
       932         52          0         20          0          0   stm32f10x_rcc.o
      1036         20          0          0          0          0   stm32f10x_usart.o
       456         36          0         20          0          0   system_stm32f10x.o
        72          4          0          0          0          0   timer.o
       548         20          0          0        272          0   uart.o
        40          0          0          0          0          0   ultrasonic.o

    ----------------------------------------------------------------------
      5280        478        268         60        984          0   Object Totals
         0          0         32          0          0          0   (incl. Generated)
         0          0          0          3          0          3   (incl. Padding)

    ----------------------------------------------------------------------

      Code (inc. data)   RO Data    RW Data    ZI Data      Debug   Library Member Name

         8          0          0          0          0          0   __main.o
       412          6         17          0          0          0   __printf_flags_ss_wp.o
        52          8          0          0          0          0   __scatter.o
        26          0          0          0          0          0   __scatter_copy.o
        28          0          0          0          0          0   __scatter_zi.o
         6          0          0          0          0          0   _printf_a.o
         6          0          0          0          0          0   _printf_c.o
        44          0          0          0          0          0   _printf_char.o
        48          6          0          0          0          0   _printf_char_common.o
        42          0          0          0          0          0   _printf_charcount.o
         6          0          0          0          0          0   _printf_d.o
       116         18          0          0          0          0   _printf_dec.o
         6          0          0          0          0          0   _printf_e.o
         6          0          0          0          0          0   _printf_f.o
      1038          0          0          0          0          0   _printf_fp_dec.o
       124         16          0          0          0          0   _printf_fp_infnan.o
         6          0          0          0          0          0   _printf_g.o
       156          6         40          0          0          0   _printf_hex_int_ll_ptr.o
         6          0          0          0          0          0   _printf_i.o
       180          0          0          0          0          0   _printf_intcommon.o
        10          0          0          0          0          0   _printf_l.o
         6          0          0          0          0          0   _printf_lc.o
        10          0          0          0          0          0   _printf_ll.o
         6          0          0          0          0          0   _printf_lld.o
         6          0          0          0          0          0   _printf_lli.o
         6          0          0          0          0          0   _printf_llo.o
         6          0          0          0          0          0   _printf_llu.o
         6          0          0          0          0          0   _printf_llx.o
       120         16          0          0          0          0   _printf_longlong_dec.o
         6          0          0          0          0          0   _printf_ls.o
         6          0          0          0          0          0   _printf_n.o
         6          0          0          0          0          0   _printf_o.o
       120          8          0          0          0          0   _printf_oct_int_ll.o
         6          0          0          0          0          0   _printf_p.o
        80          0          0          0          0          0   _printf_pad.o
         0          0          0          0          0          0   _printf_percent.o
         4          0          0          0          0          0   _printf_percent_end.o
         6          0          0          0          0          0   _printf_s.o
        82          0          0          0          0          0   _printf_str.o
        36          0          0          0          0          0   _printf_truncate.o
         6          0          0          0          0          0   _printf_u.o
        44          0          0          0          0          0   _printf_wchar.o
       188          6          8          0          0          0   _printf_wctomb.o
         6          0          0          0          0          0   _printf_x.o
        10          0          0          0          0          0   _sputc.o
        64          0          0          0          0          0   _wcrtomb.o
       236          6        148          0          0          0   bigflt0.o
      1910        128          0          0          0          0   btod.o
        36          4          0          0          0          0   c89vsprintf.o
        12          0          0          0          0          0   exit.o
         6          0          0          0          0          0   heapauxi.o
        44         10        272          0          0          0   lc_ctype_c.o
        44         10         28          0          0          0   lc_numeric_c.o
         6          0          0          0          0          0   libinit.o
        30          0          0          0          0          0   libinit2.o
         2          0          0          0          0          0   libshutdown.o
         2          0          0          0          0          0   libshutdown2.o
         8          4          0          0         96          0   libspace.o
       138          0          0          0          0          0   lludiv10.o
        16          4          0          0          0          0   rt_ctype_table.o
        12          4          0          0          0          0   rt_fp_status_addr_intlibspace.o
        12          4          0          0          0          0   rt_locale_intlibspace.o
         0          0          0          0          0          0   rtentry.o
        12          0          0          0          0          0   rtentry2.o
         6          0          0          0          0          0   rtentry4.o
         2          0          0          0          0          0   rtexit.o
        10          0          0          0          0          0   rtexit2.o
        16          0          0          0          0          0   rtudiv10.o
       128          0          0          0          0          0   strcmpv7m.o
        12          4          0          0          0          0   sys_exit.o
        74          0          0          0          0          0   sys_stackheap_outer.o
         2          0          0          0          0          0   use_no_semi.o
        14          0          0          0          0          0   fpinit.o
         4          0          0          0          0          0   printf1.o
         0          0          0          0          0          0   usenofp.o
        40          0          0          0          0          0   fpclassify.o

    ----------------------------------------------------------------------
      6008        268        516          0        100          0   Library Totals
        12          0          3          0          4          0   (incl. Padding)

    ----------------------------------------------------------------------

      Code (inc. data)   RO Data    RW Data    ZI Data      Debug   Library Name

      5938        268        513          0         96       3848   c_w.l
        18          0          0          0          0        144   fz_ws.l
        40          0          0          0          0         68   m_ws.l

    ----------------------------------------------------------------------
      6008        268        516          0        100          0   Library Totals

    ----------------------------------------------------------------------

==============================================================================


      Code (inc. data)   RO Data    RW Data    ZI Data      Debug   

     11288        746        784         60       1084     282816   Grand Totals
     11288        746        784         60       1084     282816   ELF Image Totals
     11288        746        784         60          0          0   ROM Totals

==============================================================================

    Total RO  Size (Code + RO Data)                12072 (  11.79kB)
    Total RW  Size (RW Data + ZI Data)              1144 (   1.12kB)
    Total ROM Size (Code + RO Data + RW Data)      12132 (  11.85kB)

==============================================================================

